Archive member included to satisfy reference by file (symbol)

/usr/bin/../lib/gcc/arm-none-eabi/7.3.1/../../../../arm-none-eabi/lib/thumb/v7e-m/fpv4-sp/hard/libc_nano.a(lib_a-calloc.o)
                              /home/lorenzo/IoT/Assignment_1/bin/nucleo-f401re/malloc_thread_safe/malloc_wrappers.o (calloc)
/usr/bin/../lib/gcc/arm-none-eabi/7.3.1/../../../../arm-none-eabi/lib/thumb/v7e-m/fpv4-sp/hard/libc_nano.a(lib_a-div.o)
                              /home/lorenzo/IoT/Assignment_1/bin/nucleo-f401re/periph_common/rtc.o (div)
/usr/bin/../lib/gcc/arm-none-eabi/7.3.1/../../../../arm-none-eabi/lib/thumb/v7e-m/fpv4-sp/hard/libc_nano.a(lib_a-errno.o)
                              /home/lorenzo/IoT/Assignment_1/bin/nucleo-f401re/newlib_syscalls_default/syscalls.o (__errno)
/usr/bin/../lib/gcc/arm-none-eabi/7.3.1/../../../../arm-none-eabi/lib/thumb/v7e-m/fpv4-sp/hard/libc_nano.a(lib_a-impure.o)
                              /usr/bin/../lib/gcc/arm-none-eabi/7.3.1/../../../../arm-none-eabi/lib/thumb/v7e-m/fpv4-sp/hard/libc_nano.a(lib_a-calloc.o) (_impure_ptr)
/usr/bin/../lib/gcc/arm-none-eabi/7.3.1/../../../../arm-none-eabi/lib/thumb/v7e-m/fpv4-sp/hard/libc_nano.a(lib_a-init.o)
                              /home/lorenzo/IoT/Assignment_1/bin/nucleo-f401re/cortexm_common/vectors_cortexm.o (__libc_init_array)
/usr/bin/../lib/gcc/arm-none-eabi/7.3.1/../../../../arm-none-eabi/lib/thumb/v7e-m/fpv4-sp/hard/libc_nano.a(lib_a-malloc.o)
                              /home/lorenzo/IoT/Assignment_1/bin/nucleo-f401re/malloc_thread_safe/malloc_wrappers.o (malloc)
/usr/bin/../lib/gcc/arm-none-eabi/7.3.1/../../../../arm-none-eabi/lib/thumb/v7e-m/fpv4-sp/hard/libc_nano.a(lib_a-memcmp.o)
                              /home/lorenzo/IoT/Assignment_1/bin/nucleo-f401re/core/atomic_c11.o (memcmp)
/usr/bin/../lib/gcc/arm-none-eabi/7.3.1/../../../../arm-none-eabi/lib/thumb/v7e-m/fpv4-sp/hard/libc_nano.a(lib_a-memcpy-stub.o)
                              /home/lorenzo/IoT/Assignment_1/bin/nucleo-f401re/core/atomic_c11.o (memcpy)
/usr/bin/../lib/gcc/arm-none-eabi/7.3.1/../../../../arm-none-eabi/lib/thumb/v7e-m/fpv4-sp/hard/libc_nano.a(lib_a-memset.o)
                              /home/lorenzo/IoT/Assignment_1/bin/nucleo-f401re/periph_common/rtc.o (memset)
/usr/bin/../lib/gcc/arm-none-eabi/7.3.1/../../../../arm-none-eabi/lib/thumb/v7e-m/fpv4-sp/hard/libc_nano.a(lib_a-mstats.o)
                              /home/lorenzo/IoT/Assignment_1/bin/nucleo-f401re/newlib_syscalls_default/syscalls.o (mallinfo)
/usr/bin/../lib/gcc/arm-none-eabi/7.3.1/../../../../arm-none-eabi/lib/thumb/v7e-m/fpv4-sp/hard/libc_nano.a(lib_a-nano-callocr.o)
                              /usr/bin/../lib/gcc/arm-none-eabi/7.3.1/../../../../arm-none-eabi/lib/thumb/v7e-m/fpv4-sp/hard/libc_nano.a(lib_a-calloc.o) (_calloc_r)
/usr/bin/../lib/gcc/arm-none-eabi/7.3.1/../../../../arm-none-eabi/lib/thumb/v7e-m/fpv4-sp/hard/libc_nano.a(lib_a-nano-freer.o)
                              /usr/bin/../lib/gcc/arm-none-eabi/7.3.1/../../../../arm-none-eabi/lib/thumb/v7e-m/fpv4-sp/hard/libc_nano.a(lib_a-malloc.o) (_free_r)
/usr/bin/../lib/gcc/arm-none-eabi/7.3.1/../../../../arm-none-eabi/lib/thumb/v7e-m/fpv4-sp/hard/libc_nano.a(lib_a-nano-mallinfor.o)
                              /usr/bin/../lib/gcc/arm-none-eabi/7.3.1/../../../../arm-none-eabi/lib/thumb/v7e-m/fpv4-sp/hard/libc_nano.a(lib_a-mstats.o) (_mallinfo_r)
/usr/bin/../lib/gcc/arm-none-eabi/7.3.1/../../../../arm-none-eabi/lib/thumb/v7e-m/fpv4-sp/hard/libc_nano.a(lib_a-nano-mallocr.o)
                              /usr/bin/../lib/gcc/arm-none-eabi/7.3.1/../../../../arm-none-eabi/lib/thumb/v7e-m/fpv4-sp/hard/libc_nano.a(lib_a-malloc.o) (_malloc_r)
/usr/bin/../lib/gcc/arm-none-eabi/7.3.1/../../../../arm-none-eabi/lib/thumb/v7e-m/fpv4-sp/hard/libc_nano.a(lib_a-nano-malloptr.o)
                              /usr/bin/../lib/gcc/arm-none-eabi/7.3.1/../../../../arm-none-eabi/lib/thumb/v7e-m/fpv4-sp/hard/libc_nano.a(lib_a-mstats.o) (_mallopt_r)
/usr/bin/../lib/gcc/arm-none-eabi/7.3.1/../../../../arm-none-eabi/lib/thumb/v7e-m/fpv4-sp/hard/libc_nano.a(lib_a-nano-mallstatsr.o)
                              /usr/bin/../lib/gcc/arm-none-eabi/7.3.1/../../../../arm-none-eabi/lib/thumb/v7e-m/fpv4-sp/hard/libc_nano.a(lib_a-mstats.o) (_malloc_stats_r)
/usr/bin/../lib/gcc/arm-none-eabi/7.3.1/../../../../arm-none-eabi/lib/thumb/v7e-m/fpv4-sp/hard/libc_nano.a(lib_a-printf.o)
                              /home/lorenzo/IoT/Assignment_1/bin/nucleo-f401re/core/init.o (printf)
/usr/bin/../lib/gcc/arm-none-eabi/7.3.1/../../../../arm-none-eabi/lib/thumb/v7e-m/fpv4-sp/hard/libc_nano.a(lib_a-puts.o)
                              /home/lorenzo/IoT/Assignment_1/bin/nucleo-f401re/application_Assignment_1/main.o (puts)
/usr/bin/../lib/gcc/arm-none-eabi/7.3.1/../../../../arm-none-eabi/lib/thumb/v7e-m/fpv4-sp/hard/libc_nano.a(lib_a-realloc.o)
[...]
Memory Configuration

Name             Origin             Length             Attributes
ccmram           0x0000000010000000 0x0000000000000000
rom              0x0000000008000000 0x0000000000080000 xr
ram              0x0000000020000000 0x0000000000018000 w !xr
bkup-ram         0x0000000000000000 0x0000000000000000 w !xr
*default*        0x0000000000000000 0xffffffffffffffff

Linker script and memory map

LOAD /home/lorenzo/IoT/Assignment_1/bin/nucleo-f401re/application_Assignment_1/main.o
LOAD /home/lorenzo/IoT/Assignment_1/bin/nucleo-f401re/auto_init/auto_init.o
LOAD /home/lorenzo/IoT/Assignment_1/bin/nucleo-f401re/boards_common_nucleo/board_common_nucleo_init.o
LOAD /home/lorenzo/IoT/Assignment_1/bin/nucleo-f401re/core/assert.o
LOAD /home/lorenzo/IoT/Assignment_1/bin/nucleo-f401re/core/atomic_c11.o
LOAD /home/lorenzo/IoT/Assignment_1/bin/nucleo-f401re/core/atomic_sync.o
LOAD /home/lorenzo/IoT/Assignment_1/bin/nucleo-f401re/core/bitarithm.o
LOAD /home/lorenzo/IoT/Assignment_1/bin/nucleo-f401re/core/clist.o
LOAD /home/lorenzo/IoT/Assignment_1/bin/nucleo-f401re/core/cond.o
LOAD /home/lorenzo/IoT/Assignment_1/bin/nucleo-f401re/core/init.o
LOAD /home/lorenzo/IoT/Assignment_1/bin/nucleo-f401re/core/msg.o
LOAD /home/lorenzo/IoT/Assignment_1/bin/nucleo-f401re/core/mutex.o
LOAD /home/lorenzo/IoT/Assignment_1/bin/nucleo-f401re/core/panic.o
LOAD /home/lorenzo/IoT/Assignment_1/bin/nucleo-f401re/core/priority_queue.o
LOAD /home/lorenzo/IoT/Assignment_1/bin/nucleo-f401re/core/ringbuffer.o
LOAD /home/lorenzo/IoT/Assignment_1/bin/nucleo-f401re/core/rmutex.o
LOAD /home/lorenzo/IoT/Assignment_1/bin/nucleo-f401re/core/sched.o
LOAD /home/lorenzo/IoT/Assignment_1/bin/nucleo-f401re/core/thread.o
LOAD /home/lorenzo/IoT/Assignment_1/bin/nucleo-f401re/cortexm_common/cortexm_init.o
LOAD /home/lorenzo/IoT/Assignment_1/bin/nucleo-f401re/cortexm_common/mpu.o
LOAD /home/lorenzo/IoT/Assignment_1/bin/nucleo-f401re/cortexm_common/panic.o
LOAD /home/lorenzo/IoT/Assignment_1/bin/nucleo-f401re/cortexm_common_periph/pm.o
LOAD /home/lorenzo/IoT/Assignment_1/bin/nucleo-f401re/cortexm_common/thread_arch.o
LOAD /home/lorenzo/IoT/Assignment_1/bin/nucleo-f401re/cortexm_common/vectors_cortexm.o
LOAD /home/lorenzo/IoT/Assignment_1/bin/nucleo-f401re/cpu/cpu_common.o
LOAD /home/lorenzo/IoT/Assignment_1/bin/nucleo-f401re/cpu/cpu_init.o
LOAD /home/lorenzo/IoT/Assignment_1/bin/nucleo-f401re/malloc_thread_safe/malloc_wrappers.o
LOAD /home/lorenzo/IoT/Assignment_1/bin/nucleo-f401re/newlib_syscalls_default/syscalls.o
LOAD /home/lorenzo/IoT/Assignment_1/bin/nucleo-f401re/periph_common/cpuid.o
LOAD /home/lorenzo/IoT/Assignment_1/bin/nucleo-f401re/periph_common/eeprom.o
LOAD /home/lorenzo/IoT/Assignment_1/bin/nucleo-f401re/periph_common/flashpage.o
LOAD /home/lorenzo/IoT/Assignment_1/bin/nucleo-f401re/periph_common/gpio_util.o
LOAD /home/lorenzo/IoT/Assignment_1/bin/nucleo-f401re/periph_common/i2c.o
LOAD /home/lorenzo/IoT/Assignment_1/bin/nucleo-f401re/periph_common/init.o
LOAD /home/lorenzo/IoT/Assignment_1/bin/nucleo-f401re/periph_common/pm.o
LOAD /home/lorenzo/IoT/Assignment_1/bin/nucleo-f401re/periph_common/ptp.o
LOAD /home/lorenzo/IoT/Assignment_1/bin/nucleo-f401re/periph_common/rtc.o
LOAD /home/lorenzo/IoT/Assignment_1/bin/nucleo-f401re/periph_common/spi.o
LOAD /home/lorenzo/IoT/Assignment_1/bin/nucleo-f401re/periph_common/timer.o
LOAD /home/lorenzo/IoT/Assignment_1/bin/nucleo-f401re/periph/gpio_all.o
LOAD /home/lorenzo/IoT/Assignment_1/bin/nucleo-f401re/periph/pm.o
LOAD /home/lorenzo/IoT/Assignment_1/bin/nucleo-f401re/periph/uart.o
LOAD /home/lorenzo/IoT/Assignment_1/bin/nucleo-f401re/pm_layered/pm.o
LOAD /home/lorenzo/IoT/Assignment_1/bin/nucleo-f401re/stdio_uart/stdio_uart.o
LOAD /home/lorenzo/IoT/Assignment_1/bin/nucleo-f401re/stm32_clk/stmclk_common.o
LOAD /home/lorenzo/IoT/Assignment_1/bin/nucleo-f401re/stm32_clk/stmclk_f2f4f7.o
LOAD /home/lorenzo/IoT/Assignment_1/bin/nucleo-f401re/stm32_vectors/STM32F401xE.o
LOAD /usr/bin/../lib/gcc/arm-none-eabi/7.3.1/../../../../arm-none-eabi/lib/thumb/v7e-m/fpv4-sp/hard/libm.a
LOAD /usr/bin/../lib/gcc/arm-none-eabi/7.3.1/thumb/v7e-m/fpv4-sp/hard/libgcc.a
                0x0000000008000000                _rom_start_addr = 0x8000000
                0x0000000020000000                _ram_start_addr = 0x20000000
                0x0000000000080000                _rom_length = 0x80000
                0x0000000000018000                _ram_length = 0x18000
LOAD /usr/bin/../lib/gcc/arm-none-eabi/7.3.1/../../../../arm-none-eabi/lib/thumb/v7e-m/fpv4-sp/hard/libc_nano.a
START GROUP
LOAD /usr/bin/../lib/gcc/arm-none-eabi/7.3.1/thumb/v7e-m/fpv4-sp/hard/libgcc.a
LOAD /usr/bin/../lib/gcc/arm-none-eabi/7.3.1/../../../../arm-none-eabi/lib/thumb/v7e-m/fpv4-sp/hard/libg_nano.a
LOAD /usr/bin/../lib/gcc/arm-none-eabi/7.3.1/../../../../arm-none-eabi/lib/thumb/v7e-m/fpv4-sp/hard/libc_nano.a
END GROUP
START GROUP
LOAD /usr/bin/../lib/gcc/arm-none-eabi/7.3.1/thumb/v7e-m/fpv4-sp/hard/libgcc.a
LOAD /usr/bin/../lib/gcc/arm-none-eabi/7.3.1/../../../../arm-none-eabi/lib/thumb/v7e-m/fpv4-sp/hard/libc_nano.a
END GROUP
                0x0000000000000000                ccmram_length = DEFINED (ccmram_len)?ccmram_len:0x0
                0x0000000000000000                _rom_offset = DEFINED (_rom_offset)?_rom_offset:0x0
                0x0000000000080000                _fw_rom_length = DEFINED (_fw_rom_length)?_fw_rom_length:(_rom_length - _rom_offset)
                0x0000000000000001                ASSERT ((_fw_rom_length <= (_rom_length - _rom_offset)), Specified firmware size does not fit in ROM)
                0x0000000000000000                _backup_ram_start_addr = DEFINED (_backup_ram_start_addr)?_backup_ram_start_addr:0x0
                0x0000000000000000                _backup_ram_len = DEFINED (_backup_ram_len)?_backup_ram_len:0x0

.text           0x0000000008000000     0x2140
                0x0000000008000000                . = ALIGN (0x4)
                0x0000000008000000                _sfixed = .
                0x0000000008000000                _isr_vectors = DEFINED (_isr_vectors)?_isr_vectors:.
 *(SORT_BY_NAME(.vectors*))
 .vectors.0     0x0000000008000000       0x40 /home/lorenzo/IoT/Assignment_1/bin/nucleo-f401re/cortexm_common/vectors_cortexm.o
                0x0000000008000000                cortex_vector_base
 .vectors.1     0x0000000008000040      0x154 /home/lorenzo/IoT/Assignment_1/bin/nucleo-f401re/stm32_vectors/STM32F401xE.o
                0x0000000008000040                vector_cpu
 *(.text .text.* .gnu.linkonce.t.*)
 .text.startup.main
                0x0000000008000194       0x10 /home/lorenzo/IoT/Assignment_1/bin/nucleo-f401re/application_Assignment_1/main.o
                0x0000000008000194                main
 .text.auto_init
                0x00000000080001a4        0x2 /home/lorenzo/IoT/Assignment_1/bin/nucleo-f401re/auto_init/auto_init.o
                0x00000000080001a4                auto_init
 .text.board_init
                0x00000000080001a6        0x4 /home/lorenzo/IoT/Assignment_1/bin/nucleo-f401re/boards_common_nucleo/board_common_nucleo_init.o
                0x00000000080001a6                board_init
 *fill*         0x00000000080001aa        0x2 
 .text.main_trampoline
                0x00000000080001ac       0x18 /home/lorenzo/IoT/Assignment_1/bin/nucleo-f401re/core/init.o
 .text.kernel_init
                0x00000000080001c4       0x34 /home/lorenzo/IoT/Assignment_1/bin/nucleo-f401re/core/init.o
                0x00000000080001c4                kernel_init
 .text.panic_app
                0x00000000080001f8        0x2 /home/lorenzo/IoT/Assignment_1/bin/nucleo-f401re/core/panic.o
                0x00000000080001f8                panic_app
 *fill*         0x00000000080001fa        0x2 
 .text.core_panic
                0x00000000080001fc       0x50 /home/lorenzo/IoT/Assignment_1/bin/nucleo-f401re/core/panic.o
                0x00000000080001fc                core_panic
 .text.sched_run
                0x000000000800024c       0x88 /home/lorenzo/IoT/Assignment_1/bin/nucleo-f401re/core/sched.o
                0x000000000800024c                sched_run
 .text.sched_set_status
                0x00000000080002d4       0x84 /home/lorenzo/IoT/Assignment_1/bin/nucleo-f401re/core/sched.o
                0x00000000080002d4                sched_set_status
 .text.sched_switch
                0x0000000008000358       0x3c /home/lorenzo/IoT/Assignment_1/bin/nucleo-f401re/core/sched.o
                0x0000000008000358                sched_switch
 .text.sched_task_exit
                0x0000000008000394       0x40 /home/lorenzo/IoT/Assignment_1/bin/nucleo-f401re/core/sched.o
                0x0000000008000394                sched_task_exit
 .text.thread_getname
                0x00000000080003d4       0x1c /home/lorenzo/IoT/Assignment_1/bin/nucleo-f401re/core/thread.o
                0x00000000080003d4                thread_getname
 .text.thread_create
                0x00000000080003f0       0xe0 /home/lorenzo/IoT/Assignment_1/bin/nucleo-f401re/core/thread.o
                0x00000000080003f0                thread_create
 .text.cortexm_init
                0x00000000080004d0       0x4c /home/lorenzo/IoT/Assignment_1/bin/nucleo-f401re/cortexm_common/cortexm_init.o
                0x00000000080004d0                cortexm_init
 .text.mpu_enable
                0x000000000800051c       0x20 /home/lorenzo/IoT/Assignment_1/bin/nucleo-f401re/cortexm_common/mpu.o
                0x000000000800051c                mpu_enable
 .text.mpu_configure
                0x000000000800053c       0x18 /home/lorenzo/IoT/Assignment_1/bin/nucleo-f401re/cortexm_common/mpu.o
                0x000000000800053c                mpu_configure
 .text.panic_arch
                0x0000000008000554       0x1c /home/lorenzo/IoT/Assignment_1/bin/nucleo-f401re/cortexm_common/panic.o
                0x0000000008000554                panic_arch
 .text.thread_stack_init
                0x0000000008000570       0x64 /home/lorenzo/IoT/Assignment_1/bin/nucleo-f401re/cortexm_common/thread_arch.o
                0x0000000008000570                thread_stack_init
 .text.cpu_switch_context_exit
                0x00000000080005d4       0x18 /home/lorenzo/IoT/Assignment_1/bin/nucleo-f401re/cortexm_common/thread_arch.o
                0x00000000080005d4                cpu_switch_context_exit
 .text.isr_pendsv
                0x00000000080005ec       0x4c /home/lorenzo/IoT/Assignment_1/bin/nucleo-f401re/cortexm_common/thread_arch.o
                0x00000000080005ec                isr_pendsv
 .text.isr_svc  0x0000000008000638       0x10 /home/lorenzo/IoT/Assignment_1/bin/nucleo-f401re/cortexm_common/thread_arch.o
                0x0000000008000638                isr_svc
 .text.sched_arch_idle
                0x0000000008000648       0x10 /home/lorenzo/IoT/Assignment_1/bin/nucleo-f401re/cortexm_common/thread_arch.o
                0x0000000008000648                sched_arch_idle
 .text.hard_fault_default
                0x0000000008000658       0x44 /home/lorenzo/IoT/Assignment_1/bin/nucleo-f401re/cortexm_common/vectors_cortexm.o
                0x0000000008000658                hard_fault_default
 .text.nmi_default
                0x000000000800069c       0x10 /home/lorenzo/IoT/Assignment_1/bin/nucleo-f401re/cortexm_common/vectors_cortexm.o
                0x000000000800069c                nmi_default
 .text.mem_manage_default
                0x00000000080006ac       0x10 /home/lorenzo/IoT/Assignment_1/bin/nucleo-f401re/cortexm_common/vectors_cortexm.o
                0x00000000080006ac                mem_manage_default
 .text.bus_fault_default
                0x00000000080006bc       0x10 /home/lorenzo/IoT/Assignment_1/bin/nucleo-f401re/cortexm_common/vectors_cortexm.o
                0x00000000080006bc                bus_fault_default
 .text.usage_fault_default
                0x00000000080006cc       0x10 /home/lorenzo/IoT/Assignment_1/bin/nucleo-f401re/cortexm_common/vectors_cortexm.o
                0x00000000080006cc                usage_fault_default
 .text.debug_mon_default
                0x00000000080006dc       0x10 /home/lorenzo/IoT/Assignment_1/bin/nucleo-f401re/cortexm_common/vectors_cortexm.o
                0x00000000080006dc                debug_mon_default
 .text.dummy_handler_default
                0x00000000080006ec       0x10 /home/lorenzo/IoT/Assignment_1/bin/nucleo-f401re/cortexm_common/vectors_cortexm.o
                0x00000000080006ec                dummy_handler_default
                0x00000000080006ec                isr_systick
 .text.pre_startup
                0x00000000080006fc        0x2 /home/lorenzo/IoT/Assignment_1/bin/nucleo-f401re/cortexm_common/vectors_cortexm.o
                0x00000000080006fc                pre_startup
 .text.post_startup
                0x00000000080006fe        0x2 /home/lorenzo/IoT/Assignment_1/bin/nucleo-f401re/cortexm_common/vectors_cortexm.o
                0x00000000080006fe                post_startup
 .text.reset_handler_default
                0x0000000008000700       0x88 /home/lorenzo/IoT/Assignment_1/bin/nucleo-f401re/cortexm_common/vectors_cortexm.o
                0x0000000008000700                reset_handler_default
 .text.hard_fault_handler
                0x0000000008000788      0x1b8 /home/lorenzo/IoT/Assignment_1/bin/nucleo-f401re/cortexm_common/vectors_cortexm.o
                0x0000000008000788                hard_fault_handler
 .text.periph_apb_clk
                0x0000000008000940       0x18 /home/lorenzo/IoT/Assignment_1/bin/nucleo-f401re/cpu/cpu_common.o
                0x0000000008000940                periph_apb_clk
 .text.periph_clk_en
                0x0000000008000958       0x48 /home/lorenzo/IoT/Assignment_1/bin/nucleo-f401re/cpu/cpu_common.o
                0x0000000008000958                periph_clk_en
 .text.cpu_init
                0x00000000080009a0       0x6c /home/lorenzo/IoT/Assignment_1/bin/nucleo-f401re/cpu/cpu_init.o
                0x00000000080009a0                cpu_init
 .text._init    0x0000000008000a0c        0x2 /home/lorenzo/IoT/Assignment_1/bin/nucleo-f401re/newlib_syscalls_default/syscalls.o
                0x0000000008000a0c                _init
 .text._fini    0x0000000008000a0e        0x2 /home/lorenzo/IoT/Assignment_1/bin/nucleo-f401re/newlib_syscalls_default/syscalls.o
                0x0000000008000a0e                _fini
 .text._sbrk_r  0x0000000008000a10       0x40 /home/lorenzo/IoT/Assignment_1/bin/nucleo-f401re/newlib_syscalls_default/syscalls.o
                0x0000000008000a10                _sbrk_r
 .text._read_r  0x0000000008000a50        0x8 /home/lorenzo/IoT/Assignment_1/bin/nucleo-f401re/newlib_syscalls_default/syscalls.o
                0x0000000008000a50                _read_r
 .text._write_r
                0x0000000008000a58        0x8 /home/lorenzo/IoT/Assignment_1/bin/nucleo-f401re/newlib_syscalls_default/syscalls.o
                0x0000000008000a58                _write_r
 .text._close_r
                0x0000000008000a60        0xa /home/lorenzo/IoT/Assignment_1/bin/nucleo-f401re/newlib_syscalls_default/syscalls.o
                0x0000000008000a60                _close_r
 .text._lseek_r
                0x0000000008000a6a        0xa /home/lorenzo/IoT/Assignment_1/bin/nucleo-f401re/newlib_syscalls_default/syscalls.o
                0x0000000008000a6a                _lseek_r
 .text._fstat_r
                0x0000000008000a74        0xa /home/lorenzo/IoT/Assignment_1/bin/nucleo-f401re/newlib_syscalls_default/syscalls.o
                0x0000000008000a74                _fstat_r
 .text._isatty_r
                0x0000000008000a7e       0x10 /home/lorenzo/IoT/Assignment_1/bin/nucleo-f401re/newlib_syscalls_default/syscalls.o
                0x0000000008000a7e                _isatty_r
 .text.periph_init
                0x0000000008000a8e        0x2 /home/lorenzo/IoT/Assignment_1/bin/nucleo-f401re/periph_common/init.o
                0x0000000008000a8e                periph_init
 .text.gpio_init
                0x0000000008000a90       0x6e /home/lorenzo/IoT/Assignment_1/bin/nucleo-f401re/periph/gpio_all.o
                0x0000000008000a90                gpio_init
 .text.gpio_init_af
                0x0000000008000afe       0x5a /home/lorenzo/IoT/Assignment_1/bin/nucleo-f401re/periph/gpio_all.o
                0x0000000008000afe                gpio_init_af
 .text.pm_set   0x0000000008000b58       0x78 /home/lorenzo/IoT/Assignment_1/bin/nucleo-f401re/periph/pm.o
                0x0000000008000b58                pm_set
 .text.irq_handler
                0x0000000008000bd0       0x50 /home/lorenzo/IoT/Assignment_1/bin/nucleo-f401re/periph/uart.o
 .text.uart_enable_clock
                0x0000000008000c20       0x30 /home/lorenzo/IoT/Assignment_1/bin/nucleo-f401re/periph/uart.o
 .text.uart_init
                0x0000000008000c50       0xa0 /home/lorenzo/IoT/Assignment_1/bin/nucleo-f401re/periph/uart.o
                0x0000000008000c50                uart_init
 .text.uart_write
                0x0000000008000cf0       0x40 /home/lorenzo/IoT/Assignment_1/bin/nucleo-f401re/periph/uart.o
                0x0000000008000cf0                uart_write
 .text.isr_usart2
                0x0000000008000d30        0x6 /home/lorenzo/IoT/Assignment_1/bin/nucleo-f401re/periph/uart.o
                0x0000000008000d30                isr_usart2
 .text.isr_usart1
                0x0000000008000d36        0x6 /home/lorenzo/IoT/Assignment_1/bin/nucleo-f401re/periph/uart.o
                0x0000000008000d36                isr_usart1
 .text.isr_usart6
                0x0000000008000d3c        0x6 /home/lorenzo/IoT/Assignment_1/bin/nucleo-f401re/periph/uart.o
                0x0000000008000d3c                isr_usart6
 *fill*         0x0000000008000d42        0x2 
 .text.pm_set_lowest
                0x0000000008000d44       0x3c /home/lorenzo/IoT/Assignment_1/bin/nucleo-f401re/pm_layered/pm.o
                0x0000000008000d44                pm_set_lowest
 .text.pm_block
                0x0000000008000d80       0x2c /home/lorenzo/IoT/Assignment_1/bin/nucleo-f401re/pm_layered/pm.o
                0x0000000008000d80                pm_block
 .text.pm_off   0x0000000008000dac       0x10 /home/lorenzo/IoT/Assignment_1/bin/nucleo-f401re/pm_layered/pm.o
                0x0000000008000dac                pm_off
 .text.stdio_init
                0x0000000008000dbc        0xe /home/lorenzo/IoT/Assignment_1/bin/nucleo-f401re/stdio_uart/stdio_uart.o
                0x0000000008000dbc                stdio_init
 .text.stdio_read
                0x0000000008000dca        0x6 /home/lorenzo/IoT/Assignment_1/bin/nucleo-f401re/stdio_uart/stdio_uart.o
                0x0000000008000dca                stdio_read
 .text.stdio_write
                0x0000000008000dd0       0x12 /home/lorenzo/IoT/Assignment_1/bin/nucleo-f401re/stdio_uart/stdio_uart.o
                0x0000000008000dd0                stdio_write
 *fill*         0x0000000008000de2        0x2 
 .text.stmclk_enable_hsi
                0x0000000008000de4       0x18 /home/lorenzo/IoT/Assignment_1/bin/nucleo-f401re/stm32_clk/stmclk_common.o
                0x0000000008000de4                stmclk_enable_hsi
 .text.stmclk_disable_hsi
                0x0000000008000dfc       0x10 /home/lorenzo/IoT/Assignment_1/bin/nucleo-f401re/stm32_clk/stmclk_common.o
                0x0000000008000dfc                stmclk_disable_hsi
 .text.stmclk_init_sysclk
                0x0000000008000e0c       0x7c /home/lorenzo/IoT/Assignment_1/bin/nucleo-f401re/stm32_clk/stmclk_f2f4f7.o
                0x0000000008000e0c                stmclk_init_sysclk
 .text.dummy_handler
                0x0000000008000e88        0x4 /home/lorenzo/IoT/Assignment_1/bin/nucleo-f401re/stm32_vectors/STM32F401xE.o
                0x0000000008000e88                isr_dma2_stream4
                0x0000000008000e88                isr_pvd
                0x0000000008000e88                isr_rtc_wkup
                0x0000000008000e88                isr_exti
                0x0000000008000e88                isr_tim5
                0x0000000008000e88                isr_i2c1_ev
                0x0000000008000e88                isr_dma2_stream0
                0x0000000008000e88                isr_tim4
                0x0000000008000e88                isr_dma2_stream6
                0x0000000008000e88                isr_dma1_stream1
                0x0000000008000e88                isr_i2c3_ev
                0x0000000008000e88                isr_dma2_stream5
                0x0000000008000e88                isr_tim2
                0x0000000008000e88                isr_sdio
                0x0000000008000e88                isr_spi2
                0x0000000008000e88                isr_tamp_stamp
                0x0000000008000e88                dummy_handler
                0x0000000008000e88                isr_otg_fs
                0x0000000008000e88                isr_dma1_stream7
                0x0000000008000e88                isr_dma1_stream6
                0x0000000008000e88                isr_adc
                0x0000000008000e88                isr_dma2_stream3
                0x0000000008000e88                isr_spi1
                0x0000000008000e88                isr_rcc
                0x0000000008000e88                isr_flash
                0x0000000008000e88                isr_dma2_stream7
                0x0000000008000e88                isr_i2c3_er
                0x0000000008000e88                isr_tim1_cc
                0x0000000008000e88                isr_dma1_stream4
                0x0000000008000e88                isr_spi4
                0x0000000008000e88                isr_i2c2_er
                0x0000000008000e88                isr_otg_fs_wkup
                0x0000000008000e88                isr_dma1_stream0
                0x0000000008000e88                isr_dma1_stream5
                0x0000000008000e88                isr_spi3
                0x0000000008000e88                isr_dma2_stream1
                0x0000000008000e88                isr_tim3
                0x0000000008000e88                isr_dma2_stream2
                0x0000000008000e88                isr_fpu
                0x0000000008000e88                isr_tim1_brk_tim9
                0x0000000008000e88                isr_tim1_up_tim10
                0x0000000008000e88                isr_i2c2_ev
                0x0000000008000e88                isr_rtc_alarm
                0x0000000008000e88                isr_dma1_stream3
                0x0000000008000e88                isr_dma1_stream2
                0x0000000008000e88                isr_tim1_trg_com_tim11
                0x0000000008000e88                isr_i2c1_er
                0x0000000008000e88                isr_wwdg
 .text.__libc_init_array
                0x0000000008000e8c       0x48 /usr/bin/../lib/gcc/arm-none-eabi/7.3.1/../../../../arm-none-eabi/lib/thumb/v7e-m/fpv4-sp/hard/libc_nano.a(lib_a-init.o)
                0x0000000008000e8c                __libc_init_array
 .text.memset   0x0000000008000ed4       0x10 /usr/bin/../lib/gcc/arm-none-eabi/7.3.1/../../../../arm-none-eabi/lib/thumb/v7e-m/fpv4-sp/hard/libc_nano.a(lib_a-memset.o)
                0x0000000008000ed4                memset
 .text._free_r  0x0000000008000ee4       0x9c /usr/bin/../lib/gcc/arm-none-eabi/7.3.1/../../../../arm-none-eabi/lib/thumb/v7e-m/fpv4-sp/hard/libc_nano.a(lib_a-nano-freer.o)
                0x0000000008000ee4                _free_r
 .text._malloc_r
                0x0000000008000f80       0xb4 /usr/bin/../lib/gcc/arm-none-eabi/7.3.1/../../../../arm-none-eabi/lib/thumb/v7e-m/fpv4-sp/hard/libc_nano.a(lib_a-nano-mallocr.o)
                0x0000000008000f80                _malloc_r
 .text.printf   0x0000000008001034       0x30 /usr/bin/../lib/gcc/arm-none-eabi/7.3.1/../../../../arm-none-eabi/lib/thumb/v7e-m/fpv4-sp/hard/libc_nano.a(lib_a-printf.o)
                0x0000000008001034                printf
                0x0000000008001034                iprintf
 .text._puts_r  0x0000000008001064       0xb8 /usr/bin/../lib/gcc/arm-none-eabi/7.3.1/../../../../arm-none-eabi/lib/thumb/v7e-m/fpv4-sp/hard/libc_nano.a(lib_a-puts.o)
                0x0000000008001064                _puts_r
 .text.puts     0x000000000800111c       0x10 /usr/bin/../lib/gcc/arm-none-eabi/7.3.1/../../../../arm-none-eabi/lib/thumb/v7e-m/fpv4-sp/hard/libc_nano.a(lib_a-puts.o)
                0x000000000800111c                puts
 .text.__swbuf_r
                0x000000000800112c       0xa4 /usr/bin/../lib/gcc/arm-none-eabi/7.3.1/../../../../arm-none-eabi/lib/thumb/v7e-m/fpv4-sp/hard/libc_nano.a(lib_a-wbuf.o)
                0x000000000800112c                __swbuf_r
 .text.__swsetup_r
                0x00000000080011d0       0xdc /usr/bin/../lib/gcc/arm-none-eabi/7.3.1/../../../../arm-none-eabi/lib/thumb/v7e-m/fpv4-sp/hard/libc_nano.a(lib_a-wsetup.o)
                0x00000000080011d0                __swsetup_r
 .text.__sflush_r
                0x00000000080012ac      0x10c /usr/bin/../lib/gcc/arm-none-eabi/7.3.1/../../../../arm-none-eabi/lib/thumb/v7e-m/fpv4-sp/hard/libc_nano.a(lib_a-fflush.o)
                0x00000000080012ac                __sflush_r
 .text._fflush_r
                0x00000000080013b8       0x54 /usr/bin/../lib/gcc/arm-none-eabi/7.3.1/../../../../arm-none-eabi/lib/thumb/v7e-m/fpv4-sp/hard/libc_nano.a(lib_a-fflush.o)
                0x00000000080013b8                _fflush_r
 .text.std      0x000000000800140c       0x48 /usr/bin/../lib/gcc/arm-none-eabi/7.3.1/../../../../arm-none-eabi/lib/thumb/v7e-m/fpv4-sp/hard/libc_nano.a(lib_a-findfp.o)
 .text._cleanup_r
                0x0000000008001454        0xc /usr/bin/../lib/gcc/arm-none-eabi/7.3.1/../../../../arm-none-eabi/lib/thumb/v7e-m/fpv4-sp/hard/libc_nano.a(lib_a-findfp.o)
                0x0000000008001454                _cleanup_r
 .text.__sfmoreglue
                0x0000000008001460       0x2c /usr/bin/../lib/gcc/arm-none-eabi/7.3.1/../../../../arm-none-eabi/lib/thumb/v7e-m/fpv4-sp/hard/libc_nano.a(lib_a-findfp.o)
                0x0000000008001460                __sfmoreglue
 .text.__sinit  0x000000000800148c       0x60 /usr/bin/../lib/gcc/arm-none-eabi/7.3.1/../../../../arm-none-eabi/lib/thumb/v7e-m/fpv4-sp/hard/libc_nano.a(lib_a-findfp.o)
                0x000000000800148c                __sinit
 .text.__sfp    0x00000000080014ec       0x78 /usr/bin/../lib/gcc/arm-none-eabi/7.3.1/../../../../arm-none-eabi/lib/thumb/v7e-m/fpv4-sp/hard/libc_nano.a(lib_a-findfp.o)
                0x00000000080014ec                __sfp
 .text._fwalk_reent
                0x0000000008001564       0x3c /usr/bin/../lib/gcc/arm-none-eabi/7.3.1/../../../../arm-none-eabi/lib/thumb/v7e-m/fpv4-sp/hard/libc_nano.a(lib_a-fwalk.o)
                0x0000000008001564                _fwalk_reent
 .text.__swhatbuf_r
                0x00000000080015a0       0x48 /usr/bin/../lib/gcc/arm-none-eabi/7.3.1/../../../../arm-none-eabi/lib/thumb/v7e-m/fpv4-sp/hard/libc_nano.a(lib_a-makebuf.o)
                0x00000000080015a0                __swhatbuf_r
 .text.__smakebuf_r
                0x00000000080015e8       0x80 /usr/bin/../lib/gcc/arm-none-eabi/7.3.1/../../../../arm-none-eabi/lib/thumb/v7e-m/fpv4-sp/hard/libc_nano.a(lib_a-makebuf.o)
                0x00000000080015e8                __smakebuf_r
 .text.__malloc_lock
                0x0000000008001668        0x2 /usr/bin/../lib/gcc/arm-none-eabi/7.3.1/../../../../arm-none-eabi/lib/thumb/v7e-m/fpv4-sp/hard/libc_nano.a(lib_a-mlock.o)
                0x0000000008001668                __malloc_lock
 .text.__malloc_unlock
                0x000000000800166a        0x2 /usr/bin/../lib/gcc/arm-none-eabi/7.3.1/../../../../arm-none-eabi/lib/thumb/v7e-m/fpv4-sp/hard/libc_nano.a(lib_a-mlock.o)
                0x000000000800166a                __malloc_unlock
 .text.__sfputc_r
                0x000000000800166c       0x2e /usr/bin/../lib/gcc/arm-none-eabi/7.3.1/../../../../arm-none-eabi/lib/thumb/v7e-m/fpv4-sp/hard/libc_nano.a(lib_a-nano-vfprintf.o)
 .text.__sfputs_r
                0x000000000800169a       0x24 /usr/bin/../lib/gcc/arm-none-eabi/7.3.1/../../../../arm-none-eabi/lib/thumb/v7e-m/fpv4-sp/hard/libc_nano.a(lib_a-nano-vfprintf.o)
                0x000000000800169a                __sfputs_r
 *fill*         0x00000000080016be        0x2 
 .text._vfprintf_r
                0x00000000080016c0      0x22c /usr/bin/../lib/gcc/arm-none-eabi/7.3.1/../../../../arm-none-eabi/lib/thumb/v7e-m/fpv4-sp/hard/libc_nano.a(lib_a-nano-vfprintf.o)
                0x00000000080016c0                _vfiprintf_r
                0x00000000080016c0                _vfprintf_r
 .text._printf_common
                0x00000000080018ec       0xea /usr/bin/../lib/gcc/arm-none-eabi/7.3.1/../../../../arm-none-eabi/lib/thumb/v7e-m/fpv4-sp/hard/libc_nano.a(lib_a-nano-vfprintf_i.o)
                0x00000000080018ec                _printf_common
 *fill*         0x00000000080019d6        0x2 
 .text._printf_i
                0x00000000080019d8      0x224 /usr/bin/../lib/gcc/arm-none-eabi/7.3.1/../../../../arm-none-eabi/lib/thumb/v7e-m/fpv4-sp/hard/libc_nano.a(lib_a-nano-vfprintf_i.o)
                0x00000000080019d8                _printf_i
 .text.__sread  0x0000000008001bfc       0x22 /usr/bin/../lib/gcc/arm-none-eabi/7.3.1/../../../../arm-none-eabi/lib/thumb/v7e-m/fpv4-sp/hard/libc_nano.a(lib_a-stdio.o)
                0x0000000008001bfc                __sread
 .text.__swrite
                0x0000000008001c1e       0x38 /usr/bin/../lib/gcc/arm-none-eabi/7.3.1/../../../../arm-none-eabi/lib/thumb/v7e-m/fpv4-sp/hard/libc_nano.a(lib_a-stdio.o)
                0x0000000008001c1e                __swrite
 .text.__sseek  0x0000000008001c56       0x24 /usr/bin/../lib/gcc/arm-none-eabi/7.3.1/../../../../arm-none-eabi/lib/thumb/v7e-m/fpv4-sp/hard/libc_nano.a(lib_a-stdio.o)
                0x0000000008001c56                __sseek
 .text.__sclose
                0x0000000008001c7a        0x8 /usr/bin/../lib/gcc/arm-none-eabi/7.3.1/../../../../arm-none-eabi/lib/thumb/v7e-m/fpv4-sp/hard/libc_nano.a(lib_a-stdio.o)
                0x0000000008001c7a                __sclose
 *fill*         0x0000000008001c82        0xe 
 .text          0x0000000008001c90       0xa0 /usr/bin/../lib/gcc/arm-none-eabi/7.3.1/../../../../arm-none-eabi/lib/thumb/v7e-m/fpv4-sp/hard/libc_nano.a(lib_a-memchr.o)
                0x0000000008001c90                memchr
 *(.glue_7t)
 .glue_7t       0x0000000008001d30        0x0 linker stubs
 *(.glue_7)
 .glue_7        0x0000000008001d30        0x0 linker stubs
 *(.rodata .rodata* .gnu.linkonce.r.*)
 .rodata.main.str1.1
                0x0000000008001d30       0x13 /home/lorenzo/IoT/Assignment_1/bin/nucleo-f401re/application_Assignment_1/main.o
 .rodata.kernel_init.str1.1
                0x0000000008001d43        0x5 /home/lorenzo/IoT/Assignment_1/bin/nucleo-f401re/core/init.o
 .rodata.main_trampoline.str1.1
                0x0000000008001d48       0x3b /home/lorenzo/IoT/Assignment_1/bin/nucleo-f401re/core/init.o
 .rodata.assert_crash_message
                0x0000000008001d83       0x12 /home/lorenzo/IoT/Assignment_1/bin/nucleo-f401re/core/panic.o
                0x0000000008001d83                assert_crash_message
 .rodata.core_panic.str1.1
                0x0000000008001d95       0x2e /home/lorenzo/IoT/Assignment_1/bin/nucleo-f401re/core/panic.o
 .rodata.panic_arch.str1.1
                0x0000000008001dc3        0xf /home/lorenzo/IoT/Assignment_1/bin/nucleo-f401re/cortexm_common/panic.o
 .rodata.bus_fault_default.str1.1
                0x0000000008001dd2       0x12 /home/lorenzo/IoT/Assignment_1/bin/nucleo-f401re/cortexm_common/vectors_cortexm.o
 .rodata.debug_mon_default.str1.1
                0x0000000008001de4       0x12 /home/lorenzo/IoT/Assignment_1/bin/nucleo-f401re/cortexm_common/vectors_cortexm.o
 .rodata.dummy_handler_default.str1.1
                0x0000000008001df6        0xe /home/lorenzo/IoT/Assignment_1/bin/nucleo-f401re/cortexm_common/vectors_cortexm.o
 .rodata.hard_fault_handler.str1.1
                0x0000000008001e04      0x233 /home/lorenzo/IoT/Assignment_1/bin/nucleo-f401re/cortexm_common/vectors_cortexm.o
 .rodata.mem_manage_default.str1.1
                0x0000000008002037       0x13 /home/lorenzo/IoT/Assignment_1/bin/nucleo-f401re/cortexm_common/vectors_cortexm.o
 .rodata.nmi_default.str1.1
                0x000000000800204a        0xc /home/lorenzo/IoT/Assignment_1/bin/nucleo-f401re/cortexm_common/vectors_cortexm.o
 .rodata.usage_fault_default.str1.1
                0x0000000008002056       0x14 /home/lorenzo/IoT/Assignment_1/bin/nucleo-f401re/cortexm_common/vectors_cortexm.o
 *fill*         0x000000000800206a        0x2 
 .rodata.uart_config
                0x000000000800206c       0x3c /home/lorenzo/IoT/Assignment_1/bin/nucleo-f401re/periph/uart.o
 .rodata._global_impure_ptr
                0x00000000080020a8        0x4 /usr/bin/../lib/gcc/arm-none-eabi/7.3.1/../../../../arm-none-eabi/lib/thumb/v7e-m/fpv4-sp/hard/libc_nano.a(lib_a-impure.o)
                0x00000000080020a8                _global_impure_ptr
 .rodata.__sf_fake_stderr
                0x00000000080020ac       0x20 /usr/bin/../lib/gcc/arm-none-eabi/7.3.1/../../../../arm-none-eabi/lib/thumb/v7e-m/fpv4-sp/hard/libc_nano.a(lib_a-findfp.o)
                0x00000000080020ac                __sf_fake_stderr
 .rodata.__sf_fake_stdin
                0x00000000080020cc       0x20 /usr/bin/../lib/gcc/arm-none-eabi/7.3.1/../../../../arm-none-eabi/lib/thumb/v7e-m/fpv4-sp/hard/libc_nano.a(lib_a-findfp.o)
                0x00000000080020cc                __sf_fake_stdin
 .rodata.__sf_fake_stdout
                0x00000000080020ec       0x20 /usr/bin/../lib/gcc/arm-none-eabi/7.3.1/../../../../arm-none-eabi/lib/thumb/v7e-m/fpv4-sp/hard/libc_nano.a(lib_a-findfp.o)
                0x00000000080020ec                __sf_fake_stdout
 .rodata._vfprintf_r.str1.1
                0x000000000800210c       0x11 /usr/bin/../lib/gcc/arm-none-eabi/7.3.1/../../../../arm-none-eabi/lib/thumb/v7e-m/fpv4-sp/hard/libc_nano.a(lib_a-nano-vfprintf.o)
 .rodata._printf_i.str1.1
                0x000000000800211d       0x22 /usr/bin/../lib/gcc/arm-none-eabi/7.3.1/../../../../arm-none-eabi/lib/thumb/v7e-m/fpv4-sp/hard/libc_nano.a(lib_a-nano-vfprintf_i.o)
 *(SORT_BY_NAME(.roxfa.*))
 *(.ARM.extab* .gnu.linkonce.armextab.*)
                0x0000000008002140                . = ALIGN (0x4)
 *fill*         0x000000000800213f        0x1 
 *(.init)
                0x0000000008002140                . = ALIGN (0x4)
                0x0000000008002140                __preinit_array_start = .
 *(.preinit_array)
                0x0000000008002140                __preinit_array_end = .
                0x0000000008002140                . = ALIGN (0x4)
                0x0000000008002140                __init_array_start = .
 *(SORT_BY_NAME(.init_array.*))
 *(.init_array)
                0x0000000008002140                __init_array_end = .
                0x0000000008002140                . = ALIGN (0x4)
 *crtbegin.o(.ctors)
 *(EXCLUDE_FILE(*crtend.o) .ctors)
 *(SORT_BY_NAME(.ctors.*))
 *crtend.o(.ctors)
                0x0000000008002140                . = ALIGN (0x4)
 *(.fini)
                0x0000000008002140                . = ALIGN (0x4)
                0x0000000008002140                __fini_array_start = .
 *(.fini_array)
 *(SORT_BY_NAME(.fini_array.*))
                0x0000000008002140                __fini_array_end = .
 *crtbegin.o(.dtors)
 *(EXCLUDE_FILE(*crtend.o) .dtors)
 *(SORT_BY_NAME(.dtors.*))
 *crtend.o(.dtors)
                0x0000000008002140                . = ALIGN (0x4)
                0x0000000008002140                _efixed = .

.vfp11_veneer   0x0000000008002140        0x0
 .vfp11_veneer  0x0000000008002140        0x0 linker stubs

.v4_bx          0x0000000008002140        0x0
 .v4_bx         0x0000000008002140        0x0 linker stubs

.iplt           0x0000000008002140        0x0
 .iplt          0x0000000008002140        0x0 /home/lorenzo/IoT/Assignment_1/bin/nucleo-f401re/application_Assignment_1/main.o

.igot.plt       0x0000000008002140        0x0
 .igot.plt      0x0000000008002140        0x0 /home/lorenzo/IoT/Assignment_1/bin/nucleo-f401re/application_Assignment_1/main.o

.rel.dyn        0x0000000008002140        0x0
 .rel.iplt      0x0000000008002140        0x0 /home/lorenzo/IoT/Assignment_1/bin/nucleo-f401re/application_Assignment_1/main.o

.tdata          0x0000000008002140        0x0
                0x0000000008002140                __tdata_start = .
 *(.tdata .tdata.* .gnu.linkonce.td.*)
                0x0000000008002140                __tdata_end = .
                0x0000000008002140                __tdata_source = LOADADDR (.tdata)
                0x0000000000000000                __tdata_size = SIZEOF (.tdata)

.tbss           0x0000000008002140        0x0
 *(.tbss .tbss.* .gnu.linkonce.tb.*)
 *(.tcommon)
                0x0000000008002140                __tbss_end = .
                0x0000000000000000                __tls_size = (__tbss_end - __tdata_start)
                0x0000000000000000                __tbss_size = (__tls_size - __tdata_size)
                [!provide]                        PROVIDE (__exidx_start = .)

.ARM.exidx
 *(.ARM.exidx* .gnu.linkonce.armexidx.*)
                [!provide]                        PROVIDE (__exidx_end = .)
                0x0000000008002140                . = ALIGN (0x4)

.eh_frame
 *(.eh_frame)
                0x0000000008002140                . = ALIGN (0x4)
                0x0000000008002140                _etext = .

.stack          0x0000000020000000      0x200
 *(.puf)
                0x0000000020000000                . = ALIGN (0x8)
                0x0000000020000000                _sstack = .
 *(.isr_stack)
 .isr_stack     0x0000000020000000      0x200 /home/lorenzo/IoT/Assignment_1/bin/nucleo-f401re/cortexm_common/vectors_cortexm.o
                0x0000000020000000                isr_stack
                0x0000000020000200                . = ALIGN (0x8)
                0x0000000020000200                _estack = .

.relocate       0x0000000020000200       0x70 load address 0x0000000008002140
                0x0000000020000200                . = ALIGN (0x4)
                0x0000000020000200                _srelocate = .
 *(.ramfunc .ramfunc.*)
 *(.data .data.*)
 .data.heap_top
                0x0000000020000200        0x4 /home/lorenzo/IoT/Assignment_1/bin/nucleo-f401re/newlib_syscalls_default/syscalls.o
 .data.pm_blocker
                0x0000000020000204        0x4 /home/lorenzo/IoT/Assignment_1/bin/nucleo-f401re/pm_layered/pm.o
 .data._impure_ptr
                0x0000000020000208        0x4 /usr/bin/../lib/gcc/arm-none-eabi/7.3.1/../../../../arm-none-eabi/lib/thumb/v7e-m/fpv4-sp/hard/libc_nano.a(lib_a-impure.o)
                0x0000000020000208                _impure_ptr
 .data.impure_data
                0x000000002000020c       0x60 /usr/bin/../lib/gcc/arm-none-eabi/7.3.1/../../../../arm-none-eabi/lib/thumb/v7e-m/fpv4-sp/hard/libc_nano.a(lib_a-impure.o)
 *(SORT_BY_NAME(.xfa.*))
 *(.openocd .openocd.*)
 .openocd       0x000000002000026c        0x2 /home/lorenzo/IoT/Assignment_1/bin/nucleo-f401re/core/sched.o
                0x000000002000026c                _tcb_name_offset
                0x000000002000026d                max_threads
                0x0000000020000270                . = ALIGN (0x4)
 *fill*         0x000000002000026e        0x2 
                0x0000000020000270                _erelocate = .

.bss            0x0000000020000270      0x708 load address 0x00000000080021b0
                0x0000000020000270                . = ALIGN (0x4)
                0x0000000020000270                _sbss = .
                0x0000000020000270                _szero = .
 *(.bss .bss.*)
 .bss.main_stack
                0x0000000020000270      0x600 /home/lorenzo/IoT/Assignment_1/bin/nucleo-f401re/core/init.o
 .bss.crashed   0x0000000020000870        0x4 /home/lorenzo/IoT/Assignment_1/bin/nucleo-f401re/core/panic.o
 .bss.runqueue_bitcache
                0x0000000020000874        0x4 /home/lorenzo/IoT/Assignment_1/bin/nucleo-f401re/core/sched.o
 .bss.sched_active_pid
                0x0000000020000878        0x2 /home/lorenzo/IoT/Assignment_1/bin/nucleo-f401re/core/sched.o
                0x0000000020000878                sched_active_pid
 *fill*         0x000000002000087a        0x2 
 .bss.sched_active_thread
                0x000000002000087c        0x4 /home/lorenzo/IoT/Assignment_1/bin/nucleo-f401re/core/sched.o
                0x000000002000087c                sched_active_thread
 .bss.sched_context_switch_request
                0x0000000020000880        0x4 /home/lorenzo/IoT/Assignment_1/bin/nucleo-f401re/core/sched.o
                0x0000000020000880                sched_context_switch_request
 .bss.sched_num_threads
                0x0000000020000884        0x4 /home/lorenzo/IoT/Assignment_1/bin/nucleo-f401re/core/sched.o
                0x0000000020000884                sched_num_threads
 .bss.sched_runqueues
                0x0000000020000888       0x40 /home/lorenzo/IoT/Assignment_1/bin/nucleo-f401re/core/sched.o
                0x0000000020000888                sched_runqueues
 .bss.sched_threads
                0x00000000200008c8       0x84 /home/lorenzo/IoT/Assignment_1/bin/nucleo-f401re/core/sched.o
                0x00000000200008c8                sched_threads
 .bss.isr_ctx   0x000000002000094c       0x24 /home/lorenzo/IoT/Assignment_1/bin/nucleo-f401re/periph/uart.o
 .bss.__malloc_free_list
                0x0000000020000970        0x4 /usr/bin/../lib/gcc/arm-none-eabi/7.3.1/../../../../arm-none-eabi/lib/thumb/v7e-m/fpv4-sp/hard/libc_nano.a(lib_a-nano-mallocr.o)
                0x0000000020000970                __malloc_free_list
 .bss.__malloc_sbrk_start
                0x0000000020000974        0x4 /usr/bin/../lib/gcc/arm-none-eabi/7.3.1/../../../../arm-none-eabi/lib/thumb/v7e-m/fpv4-sp/hard/libc_nano.a(lib_a-nano-mallocr.o)
                0x0000000020000974                __malloc_sbrk_start
 *(COMMON)
                0x0000000020000978                . = ALIGN (0x4)
                0x0000000020000978                _ebss = .
                0x0000000020000978                _ezero = .

.noinit         0x0000000020000978        0x0 load address 0x00000000080021b0
                0x0000000020000978                __noinit_start = .
 *(.noinit)
                0x0000000020000978                . = ALIGN (0x4)
                0x0000000020000978                __noinit_end = .
                0x0000000020000978                . = ALIGN (0x4)
                0x0000000020000978                _sheap = .
                0x0000000020018000                _eheap = (ORIGIN (ram) + LENGTH (ram))
                0x0000000020000000                _sram = ORIGIN (ram)
                0x0000000020018000                _eram = (ORIGIN (ram) + LENGTH (ram))
                0x00000000080021b0                _sbackup_data_load = LOADADDR (.backup.data)

.backup.data    0x0000000000000000        0x0 load address 0x00000000080021b0
                0x0000000000000000                _sbackup_data = .
 *(.backup.data)
                0x0000000000000000                _ebackup_data = .
                0x0000000000000000                . = ALIGN (0x4)

.backup.bss     0x0000000000000000        0x0 load address 0x00000000080021b0
                0x0000000000000000                _sbackup_bss = .
 *(.backup.bss)
                0x0000000000000000                _ebackup_bss = .
                0x0000000000000000                . = ALIGN (0x4)

.heap3          0x0000000000000000        0x0 load address 0x00000000080021b0
                0x0000000000000000                _sheap1 = .
                0x0000000000000000                _eheap1 = (ORIGIN (bkup-ram) + LENGTH (bkup-ram))
OUTPUT(/home/lorenzo/IoT/Assignment_1/bin/nucleo-f401re/Assignment_1.elf elf32-littlearm)

.debug_info     0x0000000000000000    0x1ec27
 .debug_info    0x0000000000000000      0x8c1 /home/lorenzo/IoT/Assignment_1/bin/nucleo-f401re/application_Assignment_1/main.o
 .debug_info    0x00000000000008c1      0xafb /home/lorenzo/IoT/Assignment_1/bin/nucleo-f401re/auto_init/auto_init.o
 .debug_info    0x00000000000013bc     0x184e /home/lorenzo/IoT/Assignment_1/bin/nucleo-f401re/boards_common_nucleo/board_common_nucleo_init.o
 .debug_info    0x0000000000002c0a      0xde8 /home/lorenzo/IoT/Assignment_1/bin/nucleo-f401re/core/init.o
 .debug_info    0x00000000000039f2      0xe63 /home/lorenzo/IoT/Assignment_1/bin/nucleo-f401re/core/panic.o
 .debug_info    0x0000000000004855     0x1442 /home/lorenzo/IoT/Assignment_1/bin/nucleo-f401re/core/sched.o
 .debug_info    0x0000000000005c97     0x1aae /home/lorenzo/IoT/Assignment_1/bin/nucleo-f401re/core/thread.o
 .debug_info    0x0000000000007745     0x126b /home/lorenzo/IoT/Assignment_1/bin/nucleo-f401re/cortexm_common/cortexm_init.o
 .debug_info    0x00000000000089b0      0xef1 /home/lorenzo/IoT/Assignment_1/bin/nucleo-f401re/cortexm_common/mpu.o
 .debug_info    0x00000000000098a1      0xcca /home/lorenzo/IoT/Assignment_1/bin/nucleo-f401re/cortexm_common/panic.o
 .debug_info    0x000000000000a56b     0x1172 /home/lorenzo/IoT/Assignment_1/bin/nucleo-f401re/cortexm_common/thread_arch.o
 .debug_info    0x000000000000b6dd     0x232d /home/lorenzo/IoT/Assignment_1/bin/nucleo-f401re/cortexm_common/vectors_cortexm.o
 .debug_info    0x000000000000da0a     0x196a /home/lorenzo/IoT/Assignment_1/bin/nucleo-f401re/cpu/cpu_common.o
 .debug_info    0x000000000000f374     0x1c1e /home/lorenzo/IoT/Assignment_1/bin/nucleo-f401re/cpu/cpu_init.o
 .debug_info    0x0000000000010f92     0x2350 /home/lorenzo/IoT/Assignment_1/bin/nucleo-f401re/newlib_syscalls_default/syscalls.o
 .debug_info    0x00000000000132e2      0xbfb /home/lorenzo/IoT/Assignment_1/bin/nucleo-f401re/periph_common/init.o
 .debug_info    0x0000000000013edd     0x1cf2 /home/lorenzo/IoT/Assignment_1/bin/nucleo-f401re/periph/gpio_all.o
 .debug_info    0x0000000000015bcf      0xf42 /home/lorenzo/IoT/Assignment_1/bin/nucleo-f401re/periph/pm.o
 .debug_info    0x0000000000016b11     0x21d0 /home/lorenzo/IoT/Assignment_1/bin/nucleo-f401re/periph/uart.o
 .debug_info    0x0000000000018ce1     0x1106 /home/lorenzo/IoT/Assignment_1/bin/nucleo-f401re/pm_layered/pm.o
 .debug_info    0x0000000000019de7     0x199a /home/lorenzo/IoT/Assignment_1/bin/nucleo-f401re/stdio_uart/stdio_uart.o
 .debug_info    0x000000000001b781     0x186e /home/lorenzo/IoT/Assignment_1/bin/nucleo-f401re/stm32_clk/stmclk_common.o
 .debug_info    0x000000000001cfef     0x19ac /home/lorenzo/IoT/Assignment_1/bin/nucleo-f401re/stm32_clk/stmclk_f2f4f7.o
 .debug_info    0x000000000001e99b      0x28c /home/lorenzo/IoT/Assignment_1/bin/nucleo-f401re/stm32_vectors/STM32F401xE.o

.debug_abbrev   0x0000000000000000     0x49af
 .debug_abbrev  0x0000000000000000      0x18f /home/lorenzo/IoT/Assignment_1/bin/nucleo-f401re/application_Assignment_1/main.o
 .debug_abbrev  0x000000000000018f      0x1ab /home/lorenzo/IoT/Assignment_1/bin/nucleo-f401re/auto_init/auto_init.o
 .debug_abbrev  0x000000000000033a      0x2ad /home/lorenzo/IoT/Assignment_1/bin/nucleo-f401re/boards_common_nucleo/board_common_nucleo_init.o
 .debug_abbrev  0x00000000000005e7      0x2af /home/lorenzo/IoT/Assignment_1/bin/nucleo-f401re/core/init.o
 .debug_abbrev  0x0000000000000896      0x30b /home/lorenzo/IoT/Assignment_1/bin/nucleo-f401re/core/panic.o
 .debug_abbrev  0x0000000000000ba1      0x411 /home/lorenzo/IoT/Assignment_1/bin/nucleo-f401re/core/sched.o
 .debug_abbrev  0x0000000000000fb2      0x46d /home/lorenzo/IoT/Assignment_1/bin/nucleo-f401re/core/thread.o
 .debug_abbrev  0x000000000000141f      0x370 /home/lorenzo/IoT/Assignment_1/bin/nucleo-f401re/cortexm_common/cortexm_init.o
 .debug_abbrev  0x000000000000178f      0x267 /home/lorenzo/IoT/Assignment_1/bin/nucleo-f401re/cortexm_common/mpu.o
 .debug_abbrev  0x00000000000019f6      0x293 /home/lorenzo/IoT/Assignment_1/bin/nucleo-f401re/cortexm_common/panic.o
 .debug_abbrev  0x0000000000001c89      0x40f /home/lorenzo/IoT/Assignment_1/bin/nucleo-f401re/cortexm_common/thread_arch.o
 .debug_abbrev  0x0000000000002098      0x451 /home/lorenzo/IoT/Assignment_1/bin/nucleo-f401re/cortexm_common/vectors_cortexm.o
 .debug_abbrev  0x00000000000024e9      0x345 /home/lorenzo/IoT/Assignment_1/bin/nucleo-f401re/cpu/cpu_common.o
 .debug_abbrev  0x000000000000282e      0x2fb /home/lorenzo/IoT/Assignment_1/bin/nucleo-f401re/cpu/cpu_init.o
 .debug_abbrev  0x0000000000002b29      0x495 /home/lorenzo/IoT/Assignment_1/bin/nucleo-f401re/newlib_syscalls_default/syscalls.o
 .debug_abbrev  0x0000000000002fbe      0x22d /home/lorenzo/IoT/Assignment_1/bin/nucleo-f401re/periph_common/init.o
 .debug_abbrev  0x00000000000031eb      0x399 /home/lorenzo/IoT/Assignment_1/bin/nucleo-f401re/periph/gpio_all.o
 .debug_abbrev  0x0000000000003584      0x30e /home/lorenzo/IoT/Assignment_1/bin/nucleo-f401re/periph/pm.o
 .debug_abbrev  0x0000000000003892      0x492 /home/lorenzo/IoT/Assignment_1/bin/nucleo-f401re/periph/uart.o
 .debug_abbrev  0x0000000000003d24      0x319 /home/lorenzo/IoT/Assignment_1/bin/nucleo-f401re/pm_layered/pm.o
 .debug_abbrev  0x000000000000403d      0x300 /home/lorenzo/IoT/Assignment_1/bin/nucleo-f401re/stdio_uart/stdio_uart.o
 .debug_abbrev  0x000000000000433d      0x28d /home/lorenzo/IoT/Assignment_1/bin/nucleo-f401re/stm32_clk/stmclk_common.o
 .debug_abbrev  0x00000000000045ca      0x2fd /home/lorenzo/IoT/Assignment_1/bin/nucleo-f401re/stm32_clk/stmclk_f2f4f7.o
 .debug_abbrev  0x00000000000048c7       0xe8 /home/lorenzo/IoT/Assignment_1/bin/nucleo-f401re/stm32_vectors/STM32F401xE.o

.debug_aranges  0x0000000000000000      0x678
 .debug_aranges
                0x0000000000000000       0x20 /home/lorenzo/IoT/Assignment_1/bin/nucleo-f401re/application_Assignment_1/main.o
 .debug_aranges
                0x0000000000000020       0x20 /home/lorenzo/IoT/Assignment_1/bin/nucleo-f401re/auto_init/auto_init.o
 .debug_aranges
                0x0000000000000040       0x30 /home/lorenzo/IoT/Assignment_1/bin/nucleo-f401re/boards_common_nucleo/board_common_nucleo_init.o
 .debug_aranges
                0x0000000000000070       0x30 /home/lorenzo/IoT/Assignment_1/bin/nucleo-f401re/core/init.o
 .debug_aranges
                0x00000000000000a0       0x38 /home/lorenzo/IoT/Assignment_1/bin/nucleo-f401re/core/panic.o
 .debug_aranges
                0x00000000000000d8       0x40 /home/lorenzo/IoT/Assignment_1/bin/nucleo-f401re/core/sched.o
 .debug_aranges
                0x0000000000000118       0x78 /home/lorenzo/IoT/Assignment_1/bin/nucleo-f401re/core/thread.o
 .debug_aranges
                0x0000000000000190       0x30 /home/lorenzo/IoT/Assignment_1/bin/nucleo-f401re/cortexm_common/cortexm_init.o
 .debug_aranges
                0x00000000000001c0       0x40 /home/lorenzo/IoT/Assignment_1/bin/nucleo-f401re/cortexm_common/mpu.o
 .debug_aranges
                0x0000000000000200       0x28 /home/lorenzo/IoT/Assignment_1/bin/nucleo-f401re/cortexm_common/panic.o
 .debug_aranges
                0x0000000000000228       0x68 /home/lorenzo/IoT/Assignment_1/bin/nucleo-f401re/cortexm_common/thread_arch.o
 .debug_aranges
                0x0000000000000290       0x70 /home/lorenzo/IoT/Assignment_1/bin/nucleo-f401re/cortexm_common/vectors_cortexm.o
 .debug_aranges
                0x0000000000000300       0x50 /home/lorenzo/IoT/Assignment_1/bin/nucleo-f401re/cpu/cpu_common.o
 .debug_aranges
                0x0000000000000350       0x28 /home/lorenzo/IoT/Assignment_1/bin/nucleo-f401re/cpu/cpu_init.o
 .debug_aranges
                0x0000000000000378       0xc0 /home/lorenzo/IoT/Assignment_1/bin/nucleo-f401re/newlib_syscalls_default/syscalls.o
 .debug_aranges
                0x0000000000000438       0x28 /home/lorenzo/IoT/Assignment_1/bin/nucleo-f401re/periph_common/init.o
 .debug_aranges
                0x0000000000000460       0x70 /home/lorenzo/IoT/Assignment_1/bin/nucleo-f401re/periph/gpio_all.o
 .debug_aranges
                0x00000000000004d0       0x28 /home/lorenzo/IoT/Assignment_1/bin/nucleo-f401re/periph/pm.o
 .debug_aranges
                0x00000000000004f8       0x68 /home/lorenzo/IoT/Assignment_1/bin/nucleo-f401re/periph/uart.o
 .debug_aranges
                0x0000000000000560       0x48 /home/lorenzo/IoT/Assignment_1/bin/nucleo-f401re/pm_layered/pm.o
 .debug_aranges
                0x00000000000005a8       0x38 /home/lorenzo/IoT/Assignment_1/bin/nucleo-f401re/stdio_uart/stdio_uart.o
 .debug_aranges
                0x00000000000005e0       0x50 /home/lorenzo/IoT/Assignment_1/bin/nucleo-f401re/stm32_clk/stmclk_common.o
 .debug_aranges
                0x0000000000000630       0x28 /home/lorenzo/IoT/Assignment_1/bin/nucleo-f401re/stm32_clk/stmclk_f2f4f7.o
 .debug_aranges
                0x0000000000000658       0x20 /home/lorenzo/IoT/Assignment_1/bin/nucleo-f401re/stm32_vectors/STM32F401xE.o

.debug_ranges   0x0000000000000000      0x7e8
 .debug_ranges  0x0000000000000000       0x10 /home/lorenzo/IoT/Assignment_1/bin/nucleo-f401re/application_Assignment_1/main.o
 .debug_ranges  0x0000000000000010       0x10 /home/lorenzo/IoT/Assignment_1/bin/nucleo-f401re/auto_init/auto_init.o
 .debug_ranges  0x0000000000000020       0x20 /home/lorenzo/IoT/Assignment_1/bin/nucleo-f401re/boards_common_nucleo/board_common_nucleo_init.o
 .debug_ranges  0x0000000000000040       0x20 /home/lorenzo/IoT/Assignment_1/bin/nucleo-f401re/core/init.o
 .debug_ranges  0x0000000000000060       0x28 /home/lorenzo/IoT/Assignment_1/bin/nucleo-f401re/core/panic.o
 .debug_ranges  0x0000000000000088       0xc0 /home/lorenzo/IoT/Assignment_1/bin/nucleo-f401re/core/sched.o
 .debug_ranges  0x0000000000000148       0xf8 /home/lorenzo/IoT/Assignment_1/bin/nucleo-f401re/core/thread.o
 .debug_ranges  0x0000000000000240       0xa0 /home/lorenzo/IoT/Assignment_1/bin/nucleo-f401re/cortexm_common/cortexm_init.o
 .debug_ranges  0x00000000000002e0       0x30 /home/lorenzo/IoT/Assignment_1/bin/nucleo-f401re/cortexm_common/mpu.o
 .debug_ranges  0x0000000000000310       0x18 /home/lorenzo/IoT/Assignment_1/bin/nucleo-f401re/cortexm_common/panic.o
 .debug_ranges  0x0000000000000328       0x88 /home/lorenzo/IoT/Assignment_1/bin/nucleo-f401re/cortexm_common/thread_arch.o
 .debug_ranges  0x00000000000003b0       0x78 /home/lorenzo/IoT/Assignment_1/bin/nucleo-f401re/cortexm_common/vectors_cortexm.o
 .debug_ranges  0x0000000000000428       0x40 /home/lorenzo/IoT/Assignment_1/bin/nucleo-f401re/cpu/cpu_common.o
 .debug_ranges  0x0000000000000468       0x30 /home/lorenzo/IoT/Assignment_1/bin/nucleo-f401re/cpu/cpu_init.o
 .debug_ranges  0x0000000000000498       0xe0 /home/lorenzo/IoT/Assignment_1/bin/nucleo-f401re/newlib_syscalls_default/syscalls.o
 .debug_ranges  0x0000000000000578       0x18 /home/lorenzo/IoT/Assignment_1/bin/nucleo-f401re/periph_common/init.o
 .debug_ranges  0x0000000000000590       0x98 /home/lorenzo/IoT/Assignment_1/bin/nucleo-f401re/periph/gpio_all.o
 .debug_ranges  0x0000000000000628       0x38 /home/lorenzo/IoT/Assignment_1/bin/nucleo-f401re/periph/pm.o
 .debug_ranges  0x0000000000000660       0xc0 /home/lorenzo/IoT/Assignment_1/bin/nucleo-f401re/periph/uart.o
 .debug_ranges  0x0000000000000720       0x38 /home/lorenzo/IoT/Assignment_1/bin/nucleo-f401re/pm_layered/pm.o
 .debug_ranges  0x0000000000000758       0x28 /home/lorenzo/IoT/Assignment_1/bin/nucleo-f401re/stdio_uart/stdio_uart.o
 .debug_ranges  0x0000000000000780       0x40 /home/lorenzo/IoT/Assignment_1/bin/nucleo-f401re/stm32_clk/stmclk_common.o
 .debug_ranges  0x00000000000007c0       0x18 /home/lorenzo/IoT/Assignment_1/bin/nucleo-f401re/stm32_clk/stmclk_f2f4f7.o
 .debug_ranges  0x00000000000007d8       0x10 /home/lorenzo/IoT/Assignment_1/bin/nucleo-f401re/stm32_vectors/STM32F401xE.o

.debug_macro    0x0000000000000000    0x2486f
 .debug_macro   0x0000000000000000      0x138 /home/lorenzo/IoT/Assignment_1/bin/nucleo-f401re/application_Assignment_1/main.o
 .debug_macro   0x0000000000000138      0xab4 /home/lorenzo/IoT/Assignment_1/bin/nucleo-f401re/application_Assignment_1/main.o
 .debug_macro   0x0000000000000bec      0x118 /home/lorenzo/IoT/Assignment_1/bin/nucleo-f401re/application_Assignment_1/main.o
 .debug_macro   0x0000000000000d04       0x22 /home/lorenzo/IoT/Assignment_1/bin/nucleo-f401re/application_Assignment_1/main.o
 .debug_macro   0x0000000000000d26       0x40 /home/lorenzo/IoT/Assignment_1/bin/nucleo-f401re/application_Assignment_1/main.o
 .debug_macro   0x0000000000000d66       0x18 /home/lorenzo/IoT/Assignment_1/bin/nucleo-f401re/application_Assignment_1/main.o
 .debug_macro   0x0000000000000d7e       0x5c /home/lorenzo/IoT/Assignment_1/bin/nucleo-f401re/application_Assignment_1/main.o
 .debug_macro   0x0000000000000dda       0x3c /home/lorenzo/IoT/Assignment_1/bin/nucleo-f401re/application_Assignment_1/main.o
 .debug_macro   0x0000000000000e16       0x34 /home/lorenzo/IoT/Assignment_1/bin/nucleo-f401re/application_Assignment_1/main.o
 .debug_macro   0x0000000000000e4a       0x16 /home/lorenzo/IoT/Assignment_1/bin/nucleo-f401re/application_Assignment_1/main.o
 .debug_macro   0x0000000000000e60       0x57 /home/lorenzo/IoT/Assignment_1/bin/nucleo-f401re/application_Assignment_1/main.o
 .debug_macro   0x0000000000000eb7       0x97 /home/lorenzo/IoT/Assignment_1/bin/nucleo-f401re/application_Assignment_1/main.o
 .debug_macro   0x0000000000000f4e      0x330 /home/lorenzo/IoT/Assignment_1/bin/nucleo-f401re/application_Assignment_1/main.o
 .debug_macro   0x000000000000127e       0xfd /home/lorenzo/IoT/Assignment_1/bin/nucleo-f401re/application_Assignment_1/main.o
 .debug_macro   0x000000000000137b       0x10 /home/lorenzo/IoT/Assignment_1/bin/nucleo-f401re/application_Assignment_1/main.o
 .debug_macro   0x000000000000138b       0x52 /home/lorenzo/IoT/Assignment_1/bin/nucleo-f401re/application_Assignment_1/main.o
 .debug_macro   0x00000000000013dd       0x1f /home/lorenzo/IoT/Assignment_1/bin/nucleo-f401re/application_Assignment_1/main.o
 .debug_macro   0x00000000000013fc       0x43 /home/lorenzo/IoT/Assignment_1/bin/nucleo-f401re/application_Assignment_1/main.o
 .debug_macro   0x000000000000143f       0x20 /home/lorenzo/IoT/Assignment_1/bin/nucleo-f401re/application_Assignment_1/main.o
 .debug_macro   0x000000000000145f      0x1a3 /home/lorenzo/IoT/Assignment_1/bin/nucleo-f401re/application_Assignment_1/main.o
 .debug_macro   0x0000000000001602       0x10 /home/lorenzo/IoT/Assignment_1/bin/nucleo-f401re/application_Assignment_1/main.o
 .debug_macro   0x0000000000001612       0x6a /home/lorenzo/IoT/Assignment_1/bin/nucleo-f401re/application_Assignment_1/main.o
 .debug_macro   0x000000000000167c       0xb6 /home/lorenzo/IoT/Assignment_1/bin/nucleo-f401re/application_Assignment_1/main.o
 .debug_macro   0x0000000000001732       0x16 /home/lorenzo/IoT/Assignment_1/bin/nucleo-f401re/application_Assignment_1/main.o
 .debug_macro   0x0000000000001748      0x114 /home/lorenzo/IoT/Assignment_1/bin/nucleo-f401re/application_Assignment_1/main.o
 .debug_macro   0x000000000000185c      0x186 /home/lorenzo/IoT/Assignment_1/bin/nucleo-f401re/auto_init/auto_init.o
 .debug_macro   0x00000000000019e2      0xab4 /home/lorenzo/IoT/Assignment_1/bin/nucleo-f401re/auto_init/auto_init.o
 .debug_macro   0x0000000000002496       0x56 /home/lorenzo/IoT/Assignment_1/bin/nucleo-f401re/auto_init/auto_init.o
 .debug_macro   0x00000000000024ec       0x51 /home/lorenzo/IoT/Assignment_1/bin/nucleo-f401re/auto_init/auto_init.o
 .debug_macro   0x000000000000253d       0xef /home/lorenzo/IoT/Assignment_1/bin/nucleo-f401re/auto_init/auto_init.o
 .debug_macro   0x000000000000262c      0x1df /home/lorenzo/IoT/Assignment_1/bin/nucleo-f401re/auto_init/auto_init.o
 .debug_macro   0x000000000000280b       0x46 /home/lorenzo/IoT/Assignment_1/bin/nucleo-f401re/auto_init/auto_init.o
 .debug_macro   0x0000000000002851       0x60 /home/lorenzo/IoT/Assignment_1/bin/nucleo-f401re/auto_init/auto_init.o
 .debug_macro   0x00000000000028b1       0x34 /home/lorenzo/IoT/Assignment_1/bin/nucleo-f401re/auto_init/auto_init.o
 .debug_macro   0x00000000000028e5      0x3e5 /home/lorenzo/IoT/Assignment_1/bin/nucleo-f401re/boards_common_nucleo/board_common_nucleo_init.o
 .debug_macro   0x0000000000002cca      0xab4 /home/lorenzo/IoT/Assignment_1/bin/nucleo-f401re/boards_common_nucleo/board_common_nucleo_init.o
 .debug_macro   0x000000000000377e       0x22 /home/lorenzo/IoT/Assignment_1/bin/nucleo-f401re/boards_common_nucleo/board_common_nucleo_init.o
 .debug_macro   0x00000000000037a0       0x49 /home/lorenzo/IoT/Assignment_1/bin/nucleo-f401re/boards_common_nucleo/board_common_nucleo_init.o
 .debug_macro   0x00000000000037e9       0x32 /home/lorenzo/IoT/Assignment_1/bin/nucleo-f401re/boards_common_nucleo/board_common_nucleo_init.o
 .debug_macro   0x000000000000381b       0x28 /home/lorenzo/IoT/Assignment_1/bin/nucleo-f401re/boards_common_nucleo/board_common_nucleo_init.o
 .debug_macro   0x0000000000003843       0x1c /home/lorenzo/IoT/Assignment_1/bin/nucleo-f401re/boards_common_nucleo/board_common_nucleo_init.o
 .debug_macro   0x000000000000385f       0x22 /home/lorenzo/IoT/Assignment_1/bin/nucleo-f401re/boards_common_nucleo/board_common_nucleo_init.o
 .debug_macro   0x0000000000003881       0xd9 /home/lorenzo/IoT/Assignment_1/bin/nucleo-f401re/boards_common_nucleo/board_common_nucleo_init.o
 .debug_macro   0x000000000000395a     0x102d /home/lorenzo/IoT/Assignment_1/bin/nucleo-f401re/boards_common_nucleo/board_common_nucleo_init.o
 .debug_macro   0x0000000000004987      0x11f /home/lorenzo/IoT/Assignment_1/bin/nucleo-f401re/boards_common_nucleo/board_common_nucleo_init.o
 .debug_macro   0x0000000000004aa6     0xb850 /home/lorenzo/IoT/Assignment_1/bin/nucleo-f401re/boards_common_nucleo/board_common_nucleo_init.o
 .debug_macro   0x00000000000102f6       0x43 /home/lorenzo/IoT/Assignment_1/bin/nucleo-f401re/boards_common_nucleo/board_common_nucleo_init.o
 .debug_macro   0x0000000000010339       0x10 /home/lorenzo/IoT/Assignment_1/bin/nucleo-f401re/boards_common_nucleo/board_common_nucleo_init.o
 .debug_macro   0x0000000000010349       0x41 /home/lorenzo/IoT/Assignment_1/bin/nucleo-f401re/boards_common_nucleo/board_common_nucleo_init.o
 .debug_macro   0x000000000001038a       0x10 /home/lorenzo/IoT/Assignment_1/bin/nucleo-f401re/boards_common_nucleo/board_common_nucleo_init.o
 .debug_macro   0x000000000001039a       0x35 /home/lorenzo/IoT/Assignment_1/bin/nucleo-f401re/boards_common_nucleo/board_common_nucleo_init.o
 .debug_macro   0x00000000000103cf      0x460 /home/lorenzo/IoT/Assignment_1/bin/nucleo-f401re/boards_common_nucleo/board_common_nucleo_init.o
 .debug_macro   0x000000000001082f       0x37 /home/lorenzo/IoT/Assignment_1/bin/nucleo-f401re/boards_common_nucleo/board_common_nucleo_init.o
 .debug_macro   0x0000000000010866       0x10 /home/lorenzo/IoT/Assignment_1/bin/nucleo-f401re/boards_common_nucleo/board_common_nucleo_init.o
 .debug_macro   0x0000000000010876       0x42 /home/lorenzo/IoT/Assignment_1/bin/nucleo-f401re/boards_common_nucleo/board_common_nucleo_init.o
 .debug_macro   0x00000000000108b8       0x10 /home/lorenzo/IoT/Assignment_1/bin/nucleo-f401re/boards_common_nucleo/board_common_nucleo_init.o
 .debug_macro   0x00000000000108c8       0x2e /home/lorenzo/IoT/Assignment_1/bin/nucleo-f401re/boards_common_nucleo/board_common_nucleo_init.o
 .debug_macro   0x00000000000108f6       0x16 /home/lorenzo/IoT/Assignment_1/bin/nucleo-f401re/boards_common_nucleo/board_common_nucleo_init.o
 .debug_macro   0x000000000001090c       0x16 /home/lorenzo/IoT/Assignment_1/bin/nucleo-f401re/boards_common_nucleo/board_common_nucleo_init.o
 .debug_macro   0x0000000000010922       0x2b /home/lorenzo/IoT/Assignment_1/bin/nucleo-f401re/boards_common_nucleo/board_common_nucleo_init.o
 .debug_macro   0x000000000001094d       0xee /home/lorenzo/IoT/Assignment_1/bin/nucleo-f401re/boards_common_nucleo/board_common_nucleo_init.o
 .debug_macro   0x0000000000010a3b       0x2e /home/lorenzo/IoT/Assignment_1/bin/nucleo-f401re/boards_common_nucleo/board_common_nucleo_init.o
 .debug_macro   0x0000000000010a69       0x1c /home/lorenzo/IoT/Assignment_1/bin/nucleo-f401re/boards_common_nucleo/board_common_nucleo_init.o
 .debug_macro   0x0000000000010a85      0x1de /home/lorenzo/IoT/Assignment_1/bin/nucleo-f401re/boards_common_nucleo/board_common_nucleo_init.o
 .debug_macro   0x0000000000010c63       0x1c /home/lorenzo/IoT/Assignment_1/bin/nucleo-f401re/boards_common_nucleo/board_common_nucleo_init.o
 .debug_macro   0x0000000000010c7f       0x34 /home/lorenzo/IoT/Assignment_1/bin/nucleo-f401re/boards_common_nucleo/board_common_nucleo_init.o
 .debug_macro   0x0000000000010cb3       0x28 /home/lorenzo/IoT/Assignment_1/bin/nucleo-f401re/boards_common_nucleo/board_common_nucleo_init.o
 .debug_macro   0x0000000000010cdb       0x16 /home/lorenzo/IoT/Assignment_1/bin/nucleo-f401re/boards_common_nucleo/board_common_nucleo_init.o
 .debug_macro   0x0000000000010cf1       0x16 /home/lorenzo/IoT/Assignment_1/bin/nucleo-f401re/boards_common_nucleo/board_common_nucleo_init.o
 .debug_macro   0x0000000000010d07       0x70 /home/lorenzo/IoT/Assignment_1/bin/nucleo-f401re/boards_common_nucleo/board_common_nucleo_init.o
 .debug_macro   0x0000000000010d77       0x10 /home/lorenzo/IoT/Assignment_1/bin/nucleo-f401re/boards_common_nucleo/board_common_nucleo_init.o
 .debug_macro   0x0000000000010d87       0xac /home/lorenzo/IoT/Assignment_1/bin/nucleo-f401re/boards_common_nucleo/board_common_nucleo_init.o
 .debug_macro   0x0000000000010e33       0x10 /home/lorenzo/IoT/Assignment_1/bin/nucleo-f401re/boards_common_nucleo/board_common_nucleo_init.o
 .debug_macro   0x0000000000010e43       0x10 /home/lorenzo/IoT/Assignment_1/bin/nucleo-f401re/boards_common_nucleo/board_common_nucleo_init.o
 .debug_macro   0x0000000000010e53       0x3a /home/lorenzo/IoT/Assignment_1/bin/nucleo-f401re/boards_common_nucleo/board_common_nucleo_init.o
 .debug_macro   0x0000000000010e8d      0x38e /home/lorenzo/IoT/Assignment_1/bin/nucleo-f401re/core/init.o
 .debug_macro   0x000000000001121b      0xab4 /home/lorenzo/IoT/Assignment_1/bin/nucleo-f401re/core/init.o
 .debug_macro   0x0000000000011ccf       0x10 /home/lorenzo/IoT/Assignment_1/bin/nucleo-f401re/core/init.o
 .debug_macro   0x0000000000011cdf      0x23b /home/lorenzo/IoT/Assignment_1/bin/nucleo-f401re/core/init.o
 .debug_macro   0x0000000000011f1a       0x2e /home/lorenzo/IoT/Assignment_1/bin/nucleo-f401re/core/init.o
 .debug_macro   0x0000000000011f48       0x10 /home/lorenzo/IoT/Assignment_1/bin/nucleo-f401re/core/init.o
 .debug_macro   0x0000000000011f58      0x360 /home/lorenzo/IoT/Assignment_1/bin/nucleo-f401re/core/panic.o
 .debug_macro   0x00000000000122b8      0xab4 /home/lorenzo/IoT/Assignment_1/bin/nucleo-f401re/core/panic.o
 .debug_macro   0x0000000000012d6c       0x10 /home/lorenzo/IoT/Assignment_1/bin/nucleo-f401re/core/panic.o
 .debug_macro   0x0000000000012d7c      0x30f /home/lorenzo/IoT/Assignment_1/bin/nucleo-f401re/core/sched.o
 .debug_macro   0x000000000001308b      0xab4 /home/lorenzo/IoT/Assignment_1/bin/nucleo-f401re/core/sched.o
 .debug_macro   0x0000000000013b3f       0x16 /home/lorenzo/IoT/Assignment_1/bin/nucleo-f401re/core/sched.o
 .debug_macro   0x0000000000013b55      0x303 /home/lorenzo/IoT/Assignment_1/bin/nucleo-f401re/core/thread.o
 .debug_macro   0x0000000000013e58      0xab4 /home/lorenzo/IoT/Assignment_1/bin/nucleo-f401re/core/thread.o
 .debug_macro   0x000000000001490c       0xdc /home/lorenzo/IoT/Assignment_1/bin/nucleo-f401re/core/thread.o
 .debug_macro   0x00000000000149e8      0x2d9 /home/lorenzo/IoT/Assignment_1/bin/nucleo-f401re/cortexm_common/cortexm_init.o
 .debug_macro   0x0000000000014cc1      0xab4 /home/lorenzo/IoT/Assignment_1/bin/nucleo-f401re/cortexm_common/cortexm_init.o
 .debug_macro   0x0000000000015775      0x2dc /home/lorenzo/IoT/Assignment_1/bin/nucleo-f401re/cortexm_common/mpu.o
 .debug_macro   0x0000000000015a51      0xab4 /home/lorenzo/IoT/Assignment_1/bin/nucleo-f401re/cortexm_common/mpu.o
 .debug_macro   0x0000000000016505      0x2dc /home/lorenzo/IoT/Assignment_1/bin/nucleo-f401re/cortexm_common/panic.o
 .debug_macro   0x00000000000167e1      0xab4 /home/lorenzo/IoT/Assignment_1/bin/nucleo-f401re/cortexm_common/panic.o
 .debug_macro   0x0000000000017295      0x2fb /home/lorenzo/IoT/Assignment_1/bin/nucleo-f401re/cortexm_common/thread_arch.o
 .debug_macro   0x0000000000017590      0xab4 /home/lorenzo/IoT/Assignment_1/bin/nucleo-f401re/cortexm_common/thread_arch.o
 .debug_macro   0x0000000000018044       0x1c /home/lorenzo/IoT/Assignment_1/bin/nucleo-f401re/cortexm_common/thread_arch.o
 .debug_macro   0x0000000000018060      0x41f /home/lorenzo/IoT/Assignment_1/bin/nucleo-f401re/cortexm_common/vectors_cortexm.o
 .debug_macro   0x000000000001847f      0xab4 /home/lorenzo/IoT/Assignment_1/bin/nucleo-f401re/cortexm_common/vectors_cortexm.o
 .debug_macro   0x0000000000018f33       0x1c /home/lorenzo/IoT/Assignment_1/bin/nucleo-f401re/cortexm_common/vectors_cortexm.o
 .debug_macro   0x0000000000018f4f      0x395 /home/lorenzo/IoT/Assignment_1/bin/nucleo-f401re/cpu/cpu_common.o
 .debug_macro   0x00000000000192e4      0xab4 /home/lorenzo/IoT/Assignment_1/bin/nucleo-f401re/cpu/cpu_common.o
 .debug_macro   0x0000000000019d98       0x25 /home/lorenzo/IoT/Assignment_1/bin/nucleo-f401re/cpu/cpu_common.o
 .debug_macro   0x0000000000019dbd      0x448 /home/lorenzo/IoT/Assignment_1/bin/nucleo-f401re/cpu/cpu_init.o
 .debug_macro   0x000000000001a205      0xab4 /home/lorenzo/IoT/Assignment_1/bin/nucleo-f401re/cpu/cpu_init.o
 .debug_macro   0x000000000001acb9       0x16 /home/lorenzo/IoT/Assignment_1/bin/nucleo-f401re/cpu/cpu_init.o
 .debug_macro   0x000000000001accf      0x4fe /home/lorenzo/IoT/Assignment_1/bin/nucleo-f401re/cpu/cpu_init.o
 .debug_macro   0x000000000001b1cd      0x51d /home/lorenzo/IoT/Assignment_1/bin/nucleo-f401re/newlib_syscalls_default/syscalls.o
 .debug_macro   0x000000000001b6ea      0xab4 /home/lorenzo/IoT/Assignment_1/bin/nucleo-f401re/newlib_syscalls_default/syscalls.o
 .debug_macro   0x000000000001c19e       0x10 /home/lorenzo/IoT/Assignment_1/bin/nucleo-f401re/newlib_syscalls_default/syscalls.o
 .debug_macro   0x000000000001c1ae       0xcf /home/lorenzo/IoT/Assignment_1/bin/nucleo-f401re/newlib_syscalls_default/syscalls.o
 .debug_macro   0x000000000001c27d       0xbe /home/lorenzo/IoT/Assignment_1/bin/nucleo-f401re/newlib_syscalls_default/syscalls.o
 .debug_macro   0x000000000001c33b       0x10 /home/lorenzo/IoT/Assignment_1/bin/nucleo-f401re/newlib_syscalls_default/syscalls.o
 .debug_macro   0x000000000001c34b      0x241 /home/lorenzo/IoT/Assignment_1/bin/nucleo-f401re/newlib_syscalls_default/syscalls.o
 .debug_macro   0x000000000001c58c       0x10 /home/lorenzo/IoT/Assignment_1/bin/nucleo-f401re/newlib_syscalls_default/syscalls.o
 .debug_macro   0x000000000001c59c       0x3c /home/lorenzo/IoT/Assignment_1/bin/nucleo-f401re/newlib_syscalls_default/syscalls.o
 .debug_macro   0x000000000001c5d8       0xff /home/lorenzo/IoT/Assignment_1/bin/nucleo-f401re/newlib_syscalls_default/syscalls.o
 .debug_macro   0x000000000001c6d7       0x16 /home/lorenzo/IoT/Assignment_1/bin/nucleo-f401re/newlib_syscalls_default/syscalls.o
 .debug_macro   0x000000000001c6ed       0x10 /home/lorenzo/IoT/Assignment_1/bin/nucleo-f401re/newlib_syscalls_default/syscalls.o
 .debug_macro   0x000000000001c6fd       0x10 /home/lorenzo/IoT/Assignment_1/bin/nucleo-f401re/newlib_syscalls_default/syscalls.o
 .debug_macro   0x000000000001c70d       0x2e /home/lorenzo/IoT/Assignment_1/bin/nucleo-f401re/newlib_syscalls_default/syscalls.o
 .debug_macro   0x000000000001c73b       0xf5 /home/lorenzo/IoT/Assignment_1/bin/nucleo-f401re/newlib_syscalls_default/syscalls.o
 .debug_macro   0x000000000001c830      0x333 /home/lorenzo/IoT/Assignment_1/bin/nucleo-f401re/periph_common/init.o
 .debug_macro   0x000000000001cb63      0xab4 /home/lorenzo/IoT/Assignment_1/bin/nucleo-f401re/periph_common/init.o
 .debug_macro   0x000000000001d617      0x39f /home/lorenzo/IoT/Assignment_1/bin/nucleo-f401re/periph/gpio_all.o
 .debug_macro   0x000000000001d9b6      0xab4 /home/lorenzo/IoT/Assignment_1/bin/nucleo-f401re/periph/gpio_all.o
 .debug_macro   0x000000000001e46a      0x37b /home/lorenzo/IoT/Assignment_1/bin/nucleo-f401re/periph/pm.o
 .debug_macro   0x000000000001e7e5      0xab4 /home/lorenzo/IoT/Assignment_1/bin/nucleo-f401re/periph/pm.o
 .debug_macro   0x000000000001f299      0x3cc /home/lorenzo/IoT/Assignment_1/bin/nucleo-f401re/periph/uart.o
 .debug_macro   0x000000000001f665      0xab4 /home/lorenzo/IoT/Assignment_1/bin/nucleo-f401re/periph/uart.o
 .debug_macro   0x0000000000020119       0x10 /home/lorenzo/IoT/Assignment_1/bin/nucleo-f401re/periph/uart.o
 .debug_macro   0x0000000000020129      0x363 /home/lorenzo/IoT/Assignment_1/bin/nucleo-f401re/pm_layered/pm.o
 .debug_macro   0x000000000002048c      0xab4 /home/lorenzo/IoT/Assignment_1/bin/nucleo-f401re/pm_layered/pm.o
 .debug_macro   0x0000000000020f40      0x4a0 /home/lorenzo/IoT/Assignment_1/bin/nucleo-f401re/stdio_uart/stdio_uart.o
 .debug_macro   0x00000000000213e0      0xab4 /home/lorenzo/IoT/Assignment_1/bin/nucleo-f401re/stdio_uart/stdio_uart.o
 .debug_macro   0x0000000000021e94       0x16 /home/lorenzo/IoT/Assignment_1/bin/nucleo-f401re/stdio_uart/stdio_uart.o
 .debug_macro   0x0000000000021eaa      0x398 /home/lorenzo/IoT/Assignment_1/bin/nucleo-f401re/stm32_clk/stmclk_common.o
 .debug_macro   0x0000000000022242      0xab4 /home/lorenzo/IoT/Assignment_1/bin/nucleo-f401re/stm32_clk/stmclk_common.o
 .debug_macro   0x0000000000022cf6      0x4fa /home/lorenzo/IoT/Assignment_1/bin/nucleo-f401re/stm32_clk/stmclk_f2f4f7.o
 .debug_macro   0x00000000000231f0      0xab4 /home/lorenzo/IoT/Assignment_1/bin/nucleo-f401re/stm32_clk/stmclk_f2f4f7.o
 .debug_macro   0x0000000000023ca4      0x101 /home/lorenzo/IoT/Assignment_1/bin/nucleo-f401re/stm32_vectors/STM32F401xE.o
 .debug_macro   0x0000000000023da5      0xab4 /home/lorenzo/IoT/Assignment_1/bin/nucleo-f401re/stm32_vectors/STM32F401xE.o
 .debug_macro   0x0000000000024859       0x16 /home/lorenzo/IoT/Assignment_1/bin/nucleo-f401re/stm32_vectors/STM32F401xE.o

.debug_line     0x0000000000000000     0xae9d
 .debug_line    0x0000000000000000      0x24e /home/lorenzo/IoT/Assignment_1/bin/nucleo-f401re/application_Assignment_1/main.o
 .debug_line    0x000000000000024e      0x2f5 /home/lorenzo/IoT/Assignment_1/bin/nucleo-f401re/auto_init/auto_init.o
 .debug_line    0x0000000000000543      0x8e3 /home/lorenzo/IoT/Assignment_1/bin/nucleo-f401re/boards_common_nucleo/board_common_nucleo_init.o
 .debug_line    0x0000000000000e26      0x701 /home/lorenzo/IoT/Assignment_1/bin/nucleo-f401re/core/init.o
 .debug_line    0x0000000000001527      0x701 /home/lorenzo/IoT/Assignment_1/bin/nucleo-f401re/core/panic.o
 .debug_line    0x0000000000001c28      0x6ae /home/lorenzo/IoT/Assignment_1/bin/nucleo-f401re/core/sched.o
 .debug_line    0x00000000000022d6      0x835 /home/lorenzo/IoT/Assignment_1/bin/nucleo-f401re/core/thread.o
 .debug_line    0x0000000000002b0b      0x5d8 /home/lorenzo/IoT/Assignment_1/bin/nucleo-f401re/cortexm_common/cortexm_init.o
 .debug_line    0x00000000000030e3      0x5a9 /home/lorenzo/IoT/Assignment_1/bin/nucleo-f401re/cortexm_common/mpu.o
 .debug_line    0x000000000000368c      0x575 /home/lorenzo/IoT/Assignment_1/bin/nucleo-f401re/cortexm_common/panic.o
 .debug_line    0x0000000000003c01      0x6af /home/lorenzo/IoT/Assignment_1/bin/nucleo-f401re/cortexm_common/thread_arch.o
 .debug_line    0x00000000000042b0      0xa17 /home/lorenzo/IoT/Assignment_1/bin/nucleo-f401re/cortexm_common/vectors_cortexm.o
 .debug_line    0x0000000000004cc7      0x844 /home/lorenzo/IoT/Assignment_1/bin/nucleo-f401re/cpu/cpu_common.o
 .debug_line    0x000000000000550b      0x933 /home/lorenzo/IoT/Assignment_1/bin/nucleo-f401re/cpu/cpu_init.o
 .debug_line    0x0000000000005e3e      0xb9f /home/lorenzo/IoT/Assignment_1/bin/nucleo-f401re/newlib_syscalls_default/syscalls.o
 .debug_line    0x00000000000069dd      0x63e /home/lorenzo/IoT/Assignment_1/bin/nucleo-f401re/periph_common/init.o
 .debug_line    0x000000000000701b      0x92a /home/lorenzo/IoT/Assignment_1/bin/nucleo-f401re/periph/gpio_all.o
 .debug_line    0x0000000000007945      0x6f6 /home/lorenzo/IoT/Assignment_1/bin/nucleo-f401re/periph/pm.o
 .debug_line    0x000000000000803b      0x972 /home/lorenzo/IoT/Assignment_1/bin/nucleo-f401re/periph/uart.o
 .debug_line    0x00000000000089ad      0x79f /home/lorenzo/IoT/Assignment_1/bin/nucleo-f401re/pm_layered/pm.o
 .debug_line    0x000000000000914c      0x98e /home/lorenzo/IoT/Assignment_1/bin/nucleo-f401re/stdio_uart/stdio_uart.o
 .debug_line    0x0000000000009ada      0x827 /home/lorenzo/IoT/Assignment_1/bin/nucleo-f401re/stm32_clk/stmclk_common.o
 .debug_line    0x000000000000a301      0x82b /home/lorenzo/IoT/Assignment_1/bin/nucleo-f401re/stm32_clk/stmclk_f2f4f7.o
 .debug_line    0x000000000000ab2c      0x371 /home/lorenzo/IoT/Assignment_1/bin/nucleo-f401re/stm32_vectors/STM32F401xE.o

.debug_str      0x0000000000000000    0x5b6f5
 .debug_str     0x0000000000000000     0x6d2b /home/lorenzo/IoT/Assignment_1/bin/nucleo-f401re/application_Assignment_1/main.o
                                       0x6f42 (size before relaxing)
 .debug_str     0x0000000000006d2b     0x118c /home/lorenzo/IoT/Assignment_1/bin/nucleo-f401re/auto_init/auto_init.o
                                       0x80c5 (size before relaxing)
 .debug_str     0x0000000000007eb7    0x4e996 /home/lorenzo/IoT/Assignment_1/bin/nucleo-f401re/boards_common_nucleo/board_common_nucleo_init.o
                                      0x5666f (size before relaxing)
 .debug_str     0x000000000005684d      0x796 /home/lorenzo/IoT/Assignment_1/bin/nucleo-f401re/core/init.o
                                      0x55ec5 (size before relaxing)
 .debug_str     0x0000000000056fe3      0x1c6 /home/lorenzo/IoT/Assignment_1/bin/nucleo-f401re/core/panic.o
                                      0x55943 (size before relaxing)
 .debug_str     0x00000000000571a9      0x7a6 /home/lorenzo/IoT/Assignment_1/bin/nucleo-f401re/core/sched.o
                                      0x554db (size before relaxing)
 .debug_str     0x000000000005794f      0x226 /home/lorenzo/IoT/Assignment_1/bin/nucleo-f401re/core/thread.o
                                      0x556fe (size before relaxing)
 .debug_str     0x0000000000057b75      0x587 /home/lorenzo/IoT/Assignment_1/bin/nucleo-f401re/cortexm_common/cortexm_init.o
                                      0x55054 (size before relaxing)
 .debug_str     0x00000000000580fc      0x10e /home/lorenzo/IoT/Assignment_1/bin/nucleo-f401re/cortexm_common/mpu.o
                                      0x54c94 (size before relaxing)
 .debug_str     0x000000000005820a       0x6d /home/lorenzo/IoT/Assignment_1/bin/nucleo-f401re/cortexm_common/panic.o
                                      0x54c9b (size before relaxing)
 .debug_str     0x0000000000058277      0x1b1 /home/lorenzo/IoT/Assignment_1/bin/nucleo-f401re/cortexm_common/thread_arch.o
                                      0x54f04 (size before relaxing)
 .debug_str     0x0000000000058428      0x37c /home/lorenzo/IoT/Assignment_1/bin/nucleo-f401re/cortexm_common/vectors_cortexm.o
                                      0x56d59 (size before relaxing)
 .debug_str     0x00000000000587a4      0x1f7 /home/lorenzo/IoT/Assignment_1/bin/nucleo-f401re/cpu/cpu_common.o
                                      0x561c9 (size before relaxing)
 .debug_str     0x000000000005899b     0x1156 /home/lorenzo/IoT/Assignment_1/bin/nucleo-f401re/cpu/cpu_init.o
                                      0x57823 (size before relaxing)
 .debug_str     0x0000000000059af1      0x8fe /home/lorenzo/IoT/Assignment_1/bin/nucleo-f401re/newlib_syscalls_default/syscalls.o
                                      0x58578 (size before relaxing)
 .debug_str     0x000000000005a3ef       0xb0 /home/lorenzo/IoT/Assignment_1/bin/nucleo-f401re/periph_common/init.o
                                      0x5565b (size before relaxing)
 .debug_str     0x000000000005a49f      0x218 /home/lorenzo/IoT/Assignment_1/bin/nucleo-f401re/periph/gpio_all.o
                                      0x56317 (size before relaxing)
 .debug_str     0x000000000005a6b7      0x125 /home/lorenzo/IoT/Assignment_1/bin/nucleo-f401re/periph/pm.o
                                      0x5596c (size before relaxing)
 .debug_str     0x000000000005a7dc      0x2c2 /home/lorenzo/IoT/Assignment_1/bin/nucleo-f401re/periph/uart.o
                                      0x5672e (size before relaxing)
 .debug_str     0x000000000005aa9e       0xce /home/lorenzo/IoT/Assignment_1/bin/nucleo-f401re/pm_layered/pm.o
                                      0x559b7 (size before relaxing)
 .debug_str     0x000000000005ab6c      0x200 /home/lorenzo/IoT/Assignment_1/bin/nucleo-f401re/stdio_uart/stdio_uart.o
                                      0x57dd6 (size before relaxing)
 .debug_str     0x000000000005ad6c      0x18e /home/lorenzo/IoT/Assignment_1/bin/nucleo-f401re/stm32_clk/stmclk_common.o
                                      0x560a4 (size before relaxing)
 .debug_str     0x000000000005aefa      0x72c /home/lorenzo/IoT/Assignment_1/bin/nucleo-f401re/stm32_clk/stmclk_f2f4f7.o
                                      0x5675a (size before relaxing)
 .debug_str     0x000000000005b626       0xcf /home/lorenzo/IoT/Assignment_1/bin/nucleo-f401re/stm32_vectors/STM32F401xE.o
                                      0x4fa2f (size before relaxing)

.comment        0x0000000000000000       0x7f
 .comment       0x0000000000000000       0x7f /home/lorenzo/IoT/Assignment_1/bin/nucleo-f401re/application_Assignment_1/main.o
                                         0x80 (size before relaxing)
 .comment       0x000000000000007f       0x80 /home/lorenzo/IoT/Assignment_1/bin/nucleo-f401re/auto_init/auto_init.o
 .comment       0x000000000000007f       0x80 /home/lorenzo/IoT/Assignment_1/bin/nucleo-f401re/boards_common_nucleo/board_common_nucleo_init.o
 .comment       0x000000000000007f       0x80 /home/lorenzo/IoT/Assignment_1/bin/nucleo-f401re/core/init.o
 .comment       0x000000000000007f       0x80 /home/lorenzo/IoT/Assignment_1/bin/nucleo-f401re/core/panic.o
 .comment       0x000000000000007f       0x80 /home/lorenzo/IoT/Assignment_1/bin/nucleo-f401re/core/sched.o
 .comment       0x000000000000007f       0x80 /home/lorenzo/IoT/Assignment_1/bin/nucleo-f401re/core/thread.o
 .comment       0x000000000000007f       0x80 /home/lorenzo/IoT/Assignment_1/bin/nucleo-f401re/cortexm_common/cortexm_init.o
 .comment       0x000000000000007f       0x80 /home/lorenzo/IoT/Assignment_1/bin/nucleo-f401re/cortexm_common/mpu.o
 .comment       0x000000000000007f       0x80 /home/lorenzo/IoT/Assignment_1/bin/nucleo-f401re/cortexm_common/panic.o
 .comment       0x000000000000007f       0x80 /home/lorenzo/IoT/Assignment_1/bin/nucleo-f401re/cortexm_common/thread_arch.o
 .comment       0x000000000000007f       0x80 /home/lorenzo/IoT/Assignment_1/bin/nucleo-f401re/cortexm_common/vectors_cortexm.o
 .comment       0x000000000000007f       0x80 /home/lorenzo/IoT/Assignment_1/bin/nucleo-f401re/cpu/cpu_common.o
 .comment       0x000000000000007f       0x80 /home/lorenzo/IoT/Assignment_1/bin/nucleo-f401re/cpu/cpu_init.o
 .comment       0x000000000000007f       0x80 /home/lorenzo/IoT/Assignment_1/bin/nucleo-f401re/newlib_syscalls_default/syscalls.o
 .comment       0x000000000000007f       0x80 /home/lorenzo/IoT/Assignment_1/bin/nucleo-f401re/periph_common/init.o
 .comment       0x000000000000007f       0x80 /home/lorenzo/IoT/Assignment_1/bin/nucleo-f401re/periph/gpio_all.o
 .comment       0x000000000000007f       0x80 /home/lorenzo/IoT/Assignment_1/bin/nucleo-f401re/periph/pm.o
 .comment       0x000000000000007f       0x80 /home/lorenzo/IoT/Assignment_1/bin/nucleo-f401re/periph/uart.o
 .comment       0x000000000000007f       0x80 /home/lorenzo/IoT/Assignment_1/bin/nucleo-f401re/pm_layered/pm.o
 .comment       0x000000000000007f       0x80 /home/lorenzo/IoT/Assignment_1/bin/nucleo-f401re/stdio_uart/stdio_uart.o
 .comment       0x000000000000007f       0x80 /home/lorenzo/IoT/Assignment_1/bin/nucleo-f401re/stm32_clk/stmclk_common.o
 .comment       0x000000000000007f       0x80 /home/lorenzo/IoT/Assignment_1/bin/nucleo-f401re/stm32_clk/stmclk_f2f4f7.o
 .comment       0x000000000000007f       0x80 /home/lorenzo/IoT/Assignment_1/bin/nucleo-f401re/stm32_vectors/STM32F401xE.o

.ARM.attributes
                0x0000000000000000       0x37
 .ARM.attributes
                0x0000000000000000       0x39 /home/lorenzo/IoT/Assignment_1/bin/nucleo-f401re/application_Assignment_1/main.o
 .ARM.attributes
                0x0000000000000039       0x39 /home/lorenzo/IoT/Assignment_1/bin/nucleo-f401re/auto_init/auto_init.o
 .ARM.attributes
                0x0000000000000072       0x39 /home/lorenzo/IoT/Assignment_1/bin/nucleo-f401re/boards_common_nucleo/board_common_nucleo_init.o
 .ARM.attributes
                0x00000000000000ab       0x39 /home/lorenzo/IoT/Assignment_1/bin/nucleo-f401re/core/init.o
 .ARM.attributes
                0x00000000000000e4       0x39 /home/lorenzo/IoT/Assignment_1/bin/nucleo-f401re/core/panic.o
 .ARM.attributes
                0x000000000000011d       0x39 /home/lorenzo/IoT/Assignment_1/bin/nucleo-f401re/core/sched.o
 .ARM.attributes
                0x0000000000000156       0x39 /home/lorenzo/IoT/Assignment_1/bin/nucleo-f401re/core/thread.o
 .ARM.attributes
                0x000000000000018f       0x39 /home/lorenzo/IoT/Assignment_1/bin/nucleo-f401re/cortexm_common/cortexm_init.o
 .ARM.attributes
                0x00000000000001c8       0x39 /home/lorenzo/IoT/Assignment_1/bin/nucleo-f401re/cortexm_common/mpu.o
 .ARM.attributes
                0x0000000000000201       0x39 /home/lorenzo/IoT/Assignment_1/bin/nucleo-f401re/cortexm_common/panic.o
 .ARM.attributes
                0x000000000000023a       0x39 /home/lorenzo/IoT/Assignment_1/bin/nucleo-f401re/cortexm_common/thread_arch.o
 .ARM.attributes
                0x0000000000000273       0x39 /home/lorenzo/IoT/Assignment_1/bin/nucleo-f401re/cortexm_common/vectors_cortexm.o
 .ARM.attributes
                0x00000000000002ac       0x39 /home/lorenzo/IoT/Assignment_1/bin/nucleo-f401re/cpu/cpu_common.o
 .ARM.attributes
                0x00000000000002e5       0x39 /home/lorenzo/IoT/Assignment_1/bin/nucleo-f401re/cpu/cpu_init.o
 .ARM.attributes
                0x000000000000031e       0x39 /home/lorenzo/IoT/Assignment_1/bin/nucleo-f401re/newlib_syscalls_default/syscalls.o
 .ARM.attributes
                0x0000000000000357       0x39 /home/lorenzo/IoT/Assignment_1/bin/nucleo-f401re/periph_common/init.o
 .ARM.attributes
                0x0000000000000390       0x39 /home/lorenzo/IoT/Assignment_1/bin/nucleo-f401re/periph/gpio_all.o
 .ARM.attributes
                0x00000000000003c9       0x39 /home/lorenzo/IoT/Assignment_1/bin/nucleo-f401re/periph/pm.o
 .ARM.attributes
                0x0000000000000402       0x39 /home/lorenzo/IoT/Assignment_1/bin/nucleo-f401re/periph/uart.o
 .ARM.attributes
                0x000000000000043b       0x39 /home/lorenzo/IoT/Assignment_1/bin/nucleo-f401re/pm_layered/pm.o
 .ARM.attributes
                0x0000000000000474       0x39 /home/lorenzo/IoT/Assignment_1/bin/nucleo-f401re/stdio_uart/stdio_uart.o
 .ARM.attributes
                0x00000000000004ad       0x39 /home/lorenzo/IoT/Assignment_1/bin/nucleo-f401re/stm32_clk/stmclk_common.o
 .ARM.attributes
                0x00000000000004e6       0x39 /home/lorenzo/IoT/Assignment_1/bin/nucleo-f401re/stm32_clk/stmclk_f2f4f7.o
 .ARM.attributes
                0x000000000000051f       0x39 /home/lorenzo/IoT/Assignment_1/bin/nucleo-f401re/stm32_vectors/STM32F401xE.o
 .ARM.attributes
                0x0000000000000558       0x34 /usr/bin/../lib/gcc/arm-none-eabi/7.3.1/../../../../arm-none-eabi/lib/thumb/v7e-m/fpv4-sp/hard/libc_nano.a(lib_a-impure.o)
 .ARM.attributes
                0x000000000000058c       0x34 /usr/bin/../lib/gcc/arm-none-eabi/7.3.1/../../../../arm-none-eabi/lib/thumb/v7e-m/fpv4-sp/hard/libc_nano.a(lib_a-init.o)
 .ARM.attributes
                0x00000000000005c0       0x34 /usr/bin/../lib/gcc/arm-none-eabi/7.3.1/../../../../arm-none-eabi/lib/thumb/v7e-m/fpv4-sp/hard/libc_nano.a(lib_a-memset.o)
 .ARM.attributes
                0x00000000000005f4       0x34 /usr/bin/../lib/gcc/arm-none-eabi/7.3.1/../../../../arm-none-eabi/lib/thumb/v7e-m/fpv4-sp/hard/libc_nano.a(lib_a-nano-freer.o)
 .ARM.attributes
                0x0000000000000628       0x34 /usr/bin/../lib/gcc/arm-none-eabi/7.3.1/../../../../arm-none-eabi/lib/thumb/v7e-m/fpv4-sp/hard/libc_nano.a(lib_a-nano-mallocr.o)
 .ARM.attributes
                0x000000000000065c       0x34 /usr/bin/../lib/gcc/arm-none-eabi/7.3.1/../../../../arm-none-eabi/lib/thumb/v7e-m/fpv4-sp/hard/libc_nano.a(lib_a-printf.o)
 .ARM.attributes
                0x0000000000000690       0x34 /usr/bin/../lib/gcc/arm-none-eabi/7.3.1/../../../../arm-none-eabi/lib/thumb/v7e-m/fpv4-sp/hard/libc_nano.a(lib_a-puts.o)
 .ARM.attributes
                0x00000000000006c4       0x34 /usr/bin/../lib/gcc/arm-none-eabi/7.3.1/../../../../arm-none-eabi/lib/thumb/v7e-m/fpv4-sp/hard/libc_nano.a(lib_a-wbuf.o)
 .ARM.attributes
                0x00000000000006f8       0x34 /usr/bin/../lib/gcc/arm-none-eabi/7.3.1/../../../../arm-none-eabi/lib/thumb/v7e-m/fpv4-sp/hard/libc_nano.a(lib_a-wsetup.o)
 .ARM.attributes
                0x000000000000072c       0x34 /usr/bin/../lib/gcc/arm-none-eabi/7.3.1/../../../../arm-none-eabi/lib/thumb/v7e-m/fpv4-sp/hard/libc_nano.a(lib_a-fflush.o)
 .ARM.attributes
                0x0000000000000760       0x34 /usr/bin/../lib/gcc/arm-none-eabi/7.3.1/../../../../arm-none-eabi/lib/thumb/v7e-m/fpv4-sp/hard/libc_nano.a(lib_a-findfp.o)
 .ARM.attributes
                0x0000000000000794       0x34 /usr/bin/../lib/gcc/arm-none-eabi/7.3.1/../../../../arm-none-eabi/lib/thumb/v7e-m/fpv4-sp/hard/libc_nano.a(lib_a-fwalk.o)
 .ARM.attributes
                0x00000000000007c8       0x34 /usr/bin/../lib/gcc/arm-none-eabi/7.3.1/../../../../arm-none-eabi/lib/thumb/v7e-m/fpv4-sp/hard/libc_nano.a(lib_a-makebuf.o)
 .ARM.attributes
                0x00000000000007fc       0x34 /usr/bin/../lib/gcc/arm-none-eabi/7.3.1/../../../../arm-none-eabi/lib/thumb/v7e-m/fpv4-sp/hard/libc_nano.a(lib_a-mlock.o)
 .ARM.attributes
                0x0000000000000830       0x34 /usr/bin/../lib/gcc/arm-none-eabi/7.3.1/../../../../arm-none-eabi/lib/thumb/v7e-m/fpv4-sp/hard/libc_nano.a(lib_a-nano-vfprintf.o)
 .ARM.attributes
                0x0000000000000864       0x34 /usr/bin/../lib/gcc/arm-none-eabi/7.3.1/../../../../arm-none-eabi/lib/thumb/v7e-m/fpv4-sp/hard/libc_nano.a(lib_a-nano-vfprintf_i.o)
 .ARM.attributes
                0x0000000000000898       0x34 /usr/bin/../lib/gcc/arm-none-eabi/7.3.1/../../../../arm-none-eabi/lib/thumb/v7e-m/fpv4-sp/hard/libc_nano.a(lib_a-stdio.o)
 .ARM.attributes
                0x00000000000008cc       0x20 /usr/bin/../lib/gcc/arm-none-eabi/7.3.1/../../../../arm-none-eabi/lib/thumb/v7e-m/fpv4-sp/hard/libc_nano.a(lib_a-memchr.o)

.debug_frame    0x0000000000000000     0x11f8
 .debug_frame   0x0000000000000000       0x28 /home/lorenzo/IoT/Assignment_1/bin/nucleo-f401re/application_Assignment_1/main.o
 .debug_frame   0x0000000000000028       0x20 /home/lorenzo/IoT/Assignment_1/bin/nucleo-f401re/auto_init/auto_init.o
 .debug_frame   0x0000000000000048       0x40 /home/lorenzo/IoT/Assignment_1/bin/nucleo-f401re/boards_common_nucleo/board_common_nucleo_init.o
 .debug_frame   0x0000000000000088       0x50 /home/lorenzo/IoT/Assignment_1/bin/nucleo-f401re/core/init.o
 .debug_frame   0x00000000000000d8       0x58 /home/lorenzo/IoT/Assignment_1/bin/nucleo-f401re/core/panic.o
 .debug_frame   0x0000000000000130       0x80 /home/lorenzo/IoT/Assignment_1/bin/nucleo-f401re/core/sched.o
 .debug_frame   0x00000000000001b0      0x124 /home/lorenzo/IoT/Assignment_1/bin/nucleo-f401re/core/thread.o
 .debug_frame   0x00000000000002d4       0x48 /home/lorenzo/IoT/Assignment_1/bin/nucleo-f401re/cortexm_common/cortexm_init.o
 .debug_frame   0x000000000000031c       0x60 /home/lorenzo/IoT/Assignment_1/bin/nucleo-f401re/cortexm_common/mpu.o
 .debug_frame   0x000000000000037c       0x38 /home/lorenzo/IoT/Assignment_1/bin/nucleo-f401re/cortexm_common/panic.o
 .debug_frame   0x00000000000003b4       0xd4 /home/lorenzo/IoT/Assignment_1/bin/nucleo-f401re/cortexm_common/thread_arch.o
 .debug_frame   0x0000000000000488      0x128 /home/lorenzo/IoT/Assignment_1/bin/nucleo-f401re/cortexm_common/vectors_cortexm.o
 .debug_frame   0x00000000000005b0       0x80 /home/lorenzo/IoT/Assignment_1/bin/nucleo-f401re/cpu/cpu_common.o
 .debug_frame   0x0000000000000630       0x3c /home/lorenzo/IoT/Assignment_1/bin/nucleo-f401re/cpu/cpu_init.o
 .debug_frame   0x000000000000066c      0x19c /home/lorenzo/IoT/Assignment_1/bin/nucleo-f401re/newlib_syscalls_default/syscalls.o
 .debug_frame   0x0000000000000808       0x30 /home/lorenzo/IoT/Assignment_1/bin/nucleo-f401re/periph_common/init.o
 .debug_frame   0x0000000000000838       0xfc /home/lorenzo/IoT/Assignment_1/bin/nucleo-f401re/periph/gpio_all.o
 .debug_frame   0x0000000000000934       0x30 /home/lorenzo/IoT/Assignment_1/bin/nucleo-f401re/periph/pm.o
 .debug_frame   0x0000000000000964       0xf8 /home/lorenzo/IoT/Assignment_1/bin/nucleo-f401re/periph/uart.o
 .debug_frame   0x0000000000000a5c       0x90 /home/lorenzo/IoT/Assignment_1/bin/nucleo-f401re/pm_layered/pm.o
 .debug_frame   0x0000000000000aec       0x58 /home/lorenzo/IoT/Assignment_1/bin/nucleo-f401re/stdio_uart/stdio_uart.o
 .debug_frame   0x0000000000000b44       0x98 /home/lorenzo/IoT/Assignment_1/bin/nucleo-f401re/stm32_clk/stmclk_common.o
 .debug_frame   0x0000000000000bdc       0x3c /home/lorenzo/IoT/Assignment_1/bin/nucleo-f401re/stm32_clk/stmclk_f2f4f7.o
 .debug_frame   0x0000000000000c18       0x20 /home/lorenzo/IoT/Assignment_1/bin/nucleo-f401re/stm32_vectors/STM32F401xE.o
 .debug_frame   0x0000000000000c38       0x2c /usr/bin/../lib/gcc/arm-none-eabi/7.3.1/../../../../arm-none-eabi/lib/thumb/v7e-m/fpv4-sp/hard/libc_nano.a(lib_a-init.o)
 .debug_frame   0x0000000000000c64       0x20 /usr/bin/../lib/gcc/arm-none-eabi/7.3.1/../../../../arm-none-eabi/lib/thumb/v7e-m/fpv4-sp/hard/libc_nano.a(lib_a-memset.o)
 .debug_frame   0x0000000000000c84       0x38 /usr/bin/../lib/gcc/arm-none-eabi/7.3.1/../../../../arm-none-eabi/lib/thumb/v7e-m/fpv4-sp/hard/libc_nano.a(lib_a-nano-freer.o)
 .debug_frame   0x0000000000000cbc       0x2c /usr/bin/../lib/gcc/arm-none-eabi/7.3.1/../../../../arm-none-eabi/lib/thumb/v7e-m/fpv4-sp/hard/libc_nano.a(lib_a-nano-mallocr.o)
 .debug_frame   0x0000000000000ce8       0x74 /usr/bin/../lib/gcc/arm-none-eabi/7.3.1/../../../../arm-none-eabi/lib/thumb/v7e-m/fpv4-sp/hard/libc_nano.a(lib_a-printf.o)